Archive member included to satisfy reference by file (symbol)

/Applications/VEXcode Pro V5.app/Contents/Resources/sdk/vexv5/libv5rt.a(v5_startup.c.obj)
                              (vexStartup)
/Applications/VEXcode Pro V5.app/Contents/Resources/sdk/vexv5/libv5rt.a(v5_util.c.obj)
                              /Applications/VEXcode Pro V5.app/Contents/Resources/sdk/vexv5/libv5rt.a(v5_startup.c.obj) (vexStdlibVersionLinked)
/Applications/VEXcode Pro V5.app/Contents/Resources/sdk/vexv5/libv5rt.a(v5_apijump.c.obj)
                              /Applications/VEXcode Pro V5.app/Contents/Resources/sdk/vexv5/libv5rt.a(v5_startup.c.obj) (vexPrivateApiEnable)
/Applications/VEXcode Pro V5.app/Contents/Resources/sdk/vexv5/libv5rt.a(v5_apiversions.c.obj)
                              /Applications/VEXcode Pro V5.app/Contents/Resources/sdk/vexv5/libv5rt.a(v5_apijump.c.obj) (vexSystemVersion)
/Applications/VEXcode Pro V5.app/Contents/Resources/sdk/vexv5/libv5rt.a(vex_global.cpp.obj)
                              build/src/main.o (vex::wait(double, vex::timeUnits))
/Applications/VEXcode Pro V5.app/Contents/Resources/sdk/vexv5/libv5rt.a(vex_motor.cpp.obj)
                              build/src/robotConfig.o (vex::motor::~motor())
/Applications/VEXcode Pro V5.app/Contents/Resources/sdk/vexv5/libv5rt.a(vex_imu.cpp.obj)
                              build/src/robotConfig.o (vex::inertial::~inertial())
/Applications/VEXcode Pro V5.app/Contents/Resources/sdk/vexv5/libv5rt.a(vex_controller.cpp.obj)
                              build/src/robotConfig.o (vex::controller::~controller())
/Applications/VEXcode Pro V5.app/Contents/Resources/sdk/vexv5/libv5rt.a(vex_task.cpp.obj)
                              build/src/GUI.o (vex::task::sleep(unsigned long))
/Applications/VEXcode Pro V5.app/Contents/Resources/sdk/vexv5/libv5rt.a(vex_thread.cpp.obj)
                              build/src/main.o (vex::thread::thread(int (*)()))
/Applications/VEXcode Pro V5.app/Contents/Resources/sdk/vexv5/libv5rt.a(vex_event.cpp.obj)
                              /Applications/VEXcode Pro V5.app/Contents/Resources/sdk/vexv5/libv5rt.a(vex_imu.cpp.obj) (vex::event::init(unsigned long, unsigned long, void (*)()))
/Applications/VEXcode Pro V5.app/Contents/Resources/sdk/vexv5/libv5rt.a(vex_mevent.cpp.obj)
                              /Applications/VEXcode Pro V5.app/Contents/Resources/sdk/vexv5/libv5rt.a(vex_controller.cpp.obj) (vex::mevent::mevent(unsigned long, unsigned long))
/Applications/VEXcode Pro V5.app/Contents/Resources/sdk/vexv5/libv5rt.a(vex_brain.cpp.obj)
                              build/src/GUI.o (vex::brain::lcd::setCursor(long, long))
/Applications/VEXcode Pro V5.app/Contents/Resources/sdk/vexv5/libv5rt.a(vex_competition.cpp.obj)
                              build/src/robotConfig.o (vex::competition::competition())
/Applications/VEXcode Pro V5.app/Contents/Resources/sdk/vexv5/libv5rt.a(vex_triport.cpp.obj)
                              build/src/robotConfig.o (vex::triport::~triport())
/Applications/VEXcode Pro V5.app/Contents/Resources/sdk/vexv5/libv5rt.a(vex_color.cpp.obj)
                              /Applications/VEXcode Pro V5.app/Contents/Resources/sdk/vexv5/libv5rt.a(vex_brain.cpp.obj) (vex::color::operator unsigned long() const)
/Applications/VEXcode Pro V5.app/Contents/Resources/sdk/vexv5/libv5rt.a(vex_timer.cpp.obj)
                              /Applications/VEXcode Pro V5.app/Contents/Resources/sdk/vexv5/libv5rt.a(vex_brain.cpp.obj) (vex::timer::~timer())
/Applications/VEXcode Pro V5.app/Contents/Resources/sdk/vexv5/libv5rt.a(vex_motorgroup.cpp.obj)
                              build/src/robotConfig.o (vex::motor_group::motor_group())
/Applications/VEXcode Pro V5.app/Contents/Resources/sdk/vexv5/libv5rt.a(vex_drivetrain.cpp.obj)
                              build/src/robotConfig.o (vex::drivetrain::~drivetrain())
/Applications/VEXcode Pro V5.app/Contents/Resources/sdk/vexv5/libv5rt.a(v5_apiuser.c.obj)
                              /Applications/VEXcode Pro V5.app/Contents/Resources/sdk/vexv5/libv5rt.a(vex_triport.cpp.obj) (vexAdiPortConfigSet)
/Applications/VEXcode Pro V5.app/Contents/Resources/sdk/vexv5/libv5rt.a(vex_device.cpp.obj)
                              /Applications/VEXcode Pro V5.app/Contents/Resources/sdk/vexv5/libv5rt.a(vex_motor.cpp.obj) (vex::device::~device())
/Applications/VEXcode Pro V5.app/Contents/Resources/sdk/vexv5/gcc/libs/libc.a(lib_a-aeabi_memcpy.o)
                              build/src/clases/chassisClass.o (__aeabi_memcpy4)
/Applications/VEXcode Pro V5.app/Contents/Resources/sdk/vexv5/gcc/libs/libc.a(lib_a-fini.o)
                              /Applications/VEXcode Pro V5.app/Contents/Resources/sdk/vexv5/libv5rt.a(v5_startup.c.obj) (__libc_fini_array)
/Applications/VEXcode Pro V5.app/Contents/Resources/sdk/vexv5/gcc/libs/libc.a(lib_a-impure.o)
                              /Applications/VEXcode Pro V5.app/Contents/Resources/sdk/vexv5/libv5rt.a(v5_startup.c.obj) (_impure_ptr)
[...]
Memory Configuration

Name             Origin             Length             Attributes
ps7_ddr_0_S_AXI_BASEADDR 0x0000000003800000 0x0000000004800000
*default*        0x0000000000000000 0xffffffffffffffff

Linker script and memory map

                0x0000000000002000                _STACK_SIZE = DEFINED (_STACK_SIZE)?_STACK_SIZE:0x2000
                0x0000000000100000                _HEAP_SIZE = DEFINED (_HEAP_SIZE)?_HEAP_SIZE:0x100000
                0x0000000000000400                _ABORT_STACK_SIZE = DEFINED (_ABORT_STACK_SIZE)?_ABORT_STACK_SIZE:0x400
                0x0000000000000800                _SUPERVISOR_STACK_SIZE = DEFINED (_SUPERVISOR_STACK_SIZE)?_SUPERVISOR_STACK_SIZE:0x800
                0x0000000000000400                _IRQ_STACK_SIZE = DEFINED (_IRQ_STACK_SIZE)?_IRQ_STACK_SIZE:0x400
                0x0000000000000400                _FIQ_STACK_SIZE = DEFINED (_FIQ_STACK_SIZE)?_FIQ_STACK_SIZE:0x400
                0x0000000000000400                _UNDEF_STACK_SIZE = DEFINED (_UNDEF_STACK_SIZE)?_UNDEF_STACK_SIZE:0x400

.text           0x0000000003800000     0x9028
 *(.vectors)
 *(.boot_data)
 .boot_data     0x0000000003800000       0x20 /Applications/VEXcode Pro V5.app/Contents/Resources/sdk/vexv5/libv5rt.a(v5_startup.c.obj)
                0x0000000003800000                vexCodeSig
                0x0000000000000020                . = 0x20
 *(.boot)
 .boot          0x0000000003800020       0xbc /Applications/VEXcode Pro V5.app/Contents/Resources/sdk/vexv5/libv5rt.a(v5_startup.c.obj)
                0x0000000003800020                vexStartup
                0x0000000003800100                . = ALIGN (0x40)
 *fill*         0x00000000038000dc       0x24 
 *(.freertos_vectors)
 *(.text)
 *(.text.*)
 .text._ZN5AutonD2Ev
                0x0000000003800100       0x24 build/src/GUI.o
                0x0000000003800100                Auton::~Auton()
 .text._Z21resetBrainPenDefaultsv
                0x0000000003800124       0x68 build/src/GUI.o
                0x0000000003800124                resetBrainPenDefaults()
 .text.__cxx_global_array_dtor
                0x000000000380018c       0x34 build/src/GUI.o
 .text.__cxx_global_array_dtor.20
                0x00000000038001c0       0x34 build/src/GUI.o
 .text._ZN6ButtonC2EddddSsSsSsPFvvE
                0x00000000038001f4       0x80 build/src/GUI.o
                0x00000000038001f4                Button::Button(double, double, double, double, std::string, std::string, std::string, void (*)())
 .text._Z6setRedv
                0x0000000003800274       0x3c build/src/GUI.o
                0x0000000003800274                setRed()
 .text._Z7setBluev
                0x00000000038002b0       0x3c build/src/GUI.o
                0x00000000038002b0                setBlue()
 .text._Z16nextScreenAutonsv
                0x00000000038002ec       0x58 build/src/GUI.o
                0x00000000038002ec                nextScreenAutons()
 .text.__cxx_global_array_dtor.29
                0x0000000003800344       0x3c build/src/GUI.o
 .text._Z14setRedAutonOnev
                0x0000000003800380       0x38 build/src/GUI.o
                0x0000000003800380                setRedAutonOne()
 .text._Z14setRedAutonTwov
                0x00000000038003b8       0x38 build/src/GUI.o
                0x00000000038003b8                setRedAutonTwo()
 .text._Z16setRedAutonThreev
                0x00000000038003f0       0x38 build/src/GUI.o
                0x00000000038003f0                setRedAutonThree()
 .text._Z10nextScreenv
                0x0000000003800428       0x18 build/src/GUI.o
                0x0000000003800428                nextScreen()
 .text.__cxx_global_array_dtor.40
                0x0000000003800440       0x3c build/src/GUI.o
 .text._Z15setBlueAutonOnev
                0x000000000380047c       0x38 build/src/GUI.o
                0x000000000380047c                setBlueAutonOne()
 .text._Z15setBlueAutonTwov
                0x00000000038004b4       0x38 build/src/GUI.o
                0x00000000038004b4                setBlueAutonTwo()
 .text._Z17setBlueAutonThreev
                0x00000000038004ec       0x38 build/src/GUI.o
                0x00000000038004ec                setBlueAutonThree()
 .text.__cxx_global_array_dtor.43
                0x0000000003800524       0x3c build/src/GUI.o
 .text._Z19nextScreenCalibratev
                0x0000000003800560       0x68 build/src/GUI.o
                0x0000000003800560                nextScreenCalibrate()
 .text.__cxx_global_array_dtor.47
                0x00000000038005c8       0x3c build/src/GUI.o
 .text._Z9readyCompv
                0x0000000003800604      0x254 build/src/GUI.o
                0x0000000003800604                readyComp()
 .text.__cxx_global_array_dtor.52
                0x0000000003800858       0x3c build/src/GUI.o
 .text._Z13screenPressedv
                0x0000000003800894      0x7f4 build/src/GUI.o
                0x0000000003800894                screenPressed()
 .text._Z18drawPregameButtonsv
                0x0000000003801088      0x56c build/src/GUI.o
                0x0000000003801088                drawPregameButtons()
 .text._ZN6Button4drawEv
                0x00000000038015f4       0xdc build/src/GUI.o
                0x00000000038015f4                Button::draw()
 .text._Z19updateAutonSelectedv
                0x00000000038016d0      0x100 build/src/GUI.o
                0x00000000038016d0                updateAutonSelected()
 .text._Z24updateSelectedAutonColorv
                0x00000000038017d0      0x168 build/src/GUI.o
                0x00000000038017d0                updateSelectedAutonColor()
 .text._Z7compGUIv
                0x0000000003801938       0xa8 build/src/GUI.o
                0x0000000003801938                compGUI()
 .text._Z3GUIv  0x00000000038019e0       0x18 build/src/GUI.o
                0x00000000038019e0                GUI()
 .text._ZN3$_08__invokeEv
                0x00000000038019f8        0x4 build/src/GUI.o
 .text._ZN3$_18__invokeEv
                0x00000000038019fc        0x4 build/src/GUI.o
 .text._ZN3$_28__invokeEv
                0x0000000003801a00        0x4 build/src/GUI.o
 .text._ZN3$_38__invokeEv
                0x0000000003801a04        0x4 build/src/GUI.o
 .text._ZN3$_48__invokeEv
                0x0000000003801a08        0x4 build/src/GUI.o
 .text._ZN3$_58__invokeEv
                0x0000000003801a0c        0x4 build/src/GUI.o
 .text._ZN3$_68__invokeEv
                0x0000000003801a10        0x4 build/src/GUI.o
 .text._ZZN6ButtonC1EddddSsSsSsPFvvEEd_NUlvE_8__invokeEv
                0x0000000003801a14        0x4 build/src/GUI.o
                0x0000000003801a14                Button::Button(double, double, double, double, std::string, std::string, std::string, void (*)())::{default arg#1}::{lambda()#1}::__invoke()
 .text._ZN3$_78__invokeEv
                0x0000000003801a18        0x4 build/src/GUI.o
 .text._ZZ9readyCompvEN3$_88__invokeEv
                0x0000000003801a1c       0x10 build/src/GUI.o
 .text._ZZ9readyCompvEN3$_98__invokeEv
                0x0000000003801a2c       0x10 build/src/GUI.o
 .text._ZZ9readyCompvEN4$_108__invokeEv
                0x0000000003801a3c       0x10 build/src/GUI.o
 .text._ZZ9readyCompvEN4$_118__invokeEv
                0x0000000003801a4c       0x10 build/src/GUI.o
 .text._ZZ9readyCompvEN4$_128__invokeEv
                0x0000000003801a5c        0x4 build/src/GUI.o
 .text._ZZ9readyCompvEN4$_138__invokeEv
                0x0000000003801a60        0x4 build/src/GUI.o
 .text._ZZ9readyCompvEN4$_148__invokeEv
                0x0000000003801a64        0x4 build/src/GUI.o
 .text._ZZ9readyCompvEN4$_158__invokeEv
                0x0000000003801a68        0x4 build/src/GUI.o
 .text._ZZ9readyCompvEN4$_168__invokeEv
                0x0000000003801a6c        0x4 build/src/GUI.o
 .text._ZZ9readyCompvEN4$_178__invokeEv
                0x0000000003801a70        0x4 build/src/GUI.o
 .text._ZZ9readyCompvEN4$_188__invokeEv
                0x0000000003801a74        0x4 build/src/GUI.o
 .text._ZZ9readyCompvEN4$_198__invokeEv
                0x0000000003801a78        0x4 build/src/GUI.o
 .text._ZZ9readyCompvEN4$_208__invokeEv
                0x0000000003801a7c        0x4 build/src/GUI.o
 .text._ZZ9readyCompvEN4$_218__invokeEv
                0x0000000003801a80        0x4 build/src/GUI.o
 .text._ZZ9readyCompvEN4$_228__invokeEv
                0x0000000003801a84        0x4 build/src/GUI.o
 .text._ZZ9readyCompvEN4$_238__invokeEv
                0x0000000003801a88        0x4 build/src/GUI.o
 *fill*         0x0000000003801a8c        0x4 
 .text._GLOBAL__sub_I_GUI.cpp
                0x0000000003801a90     0x2810 build/src/GUI.o
 .text.main     0x00000000038042a0       0x44 build/src/main.o
                0x00000000038042a0                main
 .text._ZZ4mainEN3$_08__invokeEv
                0x00000000038042e4       0x18 build/src/main.o
 .text._ZZ4mainEN3$_18__invokeEv
                0x00000000038042fc        0xc build/src/main.o
 .text._ZZ4mainENK3$_1clEv
                0x0000000003804308       0x50 build/src/main.o
 .text._Z8odomInitv
                0x0000000003804358       0x5c build/src/odometry.o
                0x0000000003804358                odomInit()
 .text._ZN3vex11motor_groupC2IJNS_5motorES2_EEERS2_DpRT_
                0x00000000038043b4       0x44 build/src/robotConfig.o
                0x00000000038043b4                vex::motor_group::motor_group<vex::motor, vex::motor>(vex::motor&, vex::motor&, vex::motor&)
 .text._ZN7ChassisD2Ev
                0x00000000038043f8       0x40 build/src/robotConfig.o
                0x00000000038043f8                Chassis::~Chassis()
 .text._GLOBAL__sub_I_robotConfig.cpp
                0x0000000003804438      0x3e4 build/src/robotConfig.o
 .text._ZN5AutonC2ESsSsdddbPFvvE
                0x000000000380481c       0x6c build/src/clases/autonClass.o
                0x000000000380481c                Auton::Auton(std::string, std::string, double, double, double, bool, void (*)())
                0x000000000380481c                Auton::Auton(std::string, std::string, double, double, double, bool, void (*)())
 .text._GLOBAL__sub_I_autonClass.cpp
                0x0000000003804888       0x34 build/src/clases/autonClass.o
 .text._ZN7ChassisC2EN3vex11motor_groupES1_ddddddd
                0x00000000038048bc       0xec build/src/clases/chassisClass.o
                0x00000000038048bc                Chassis::Chassis(vex::motor_group, vex::motor_group, double, double, double, double, double, double, double)
 .text._ZN11TankChassis5driveEN3vex13directionTypeEdd
                0x00000000038049a8      0x180 build/src/clases/chassisClass.o
                0x00000000038049a8                TankChassis::drive(vex::directionType, double, double)
 .text._ZN11TankChassis5driveEN3vex13directionTypeEddddd
                0x0000000003804b28       0x60 build/src/clases/chassisClass.o
                0x0000000003804b28                TankChassis::drive(vex::directionType, double, double, double, double, double)
 .text._ZN11TankChassis6turnToEdd
                0x0000000003804b88      0x1b0 build/src/clases/chassisClass.o
                0x0000000003804b88                TankChassis::turnTo(double, double)
 .text._ZN11TankChassis11userControlEb
                0x0000000003804d38      0x198 build/src/clases/chassisClass.o
                0x0000000003804d38                TankChassis::userControl(bool)
 .text.vexMain  0x0000000003804ed0       0xb0 /Applications/VEXcode Pro V5.app/Contents/Resources/sdk/vexv5/libv5rt.a(v5_startup.c.obj)
                0x0000000003804ed0                vexMain
 .text.__vex_function_prolog
                0x0000000003804f80       0x18 /Applications/VEXcode Pro V5.app/Contents/Resources/sdk/vexv5/libv5rt.a(v5_startup.c.obj)
                0x0000000003804f80                __vex_function_prolog
 .text._init    0x0000000003804f98        0x4 /Applications/VEXcode Pro V5.app/Contents/Resources/sdk/vexv5/libv5rt.a(v5_startup.c.obj)
                0x0000000003804f98                _init
 .text._fini    0x0000000003804f9c        0x4 /Applications/VEXcode Pro V5.app/Contents/Resources/sdk/vexv5/libv5rt.a(v5_startup.c.obj)
                0x0000000003804f9c                _fini
 .text.vexStdlibVersionLinked
                0x0000000003804fa0        0xc /Applications/VEXcode Pro V5.app/Contents/Resources/sdk/vexv5/libv5rt.a(v5_util.c.obj)
                0x0000000003804fa0                vexStdlibVersionLinked
 .text.vexStdlibVersionVerify
                0x0000000003804fac       0x30 /Applications/VEXcode Pro V5.app/Contents/Resources/sdk/vexv5/libv5rt.a(v5_util.c.obj)
                0x0000000003804fac                vexStdlibVersionVerify
 .text.vexPrivateApiEnable
                0x0000000003804fdc       0x10 /Applications/VEXcode Pro V5.app/Contents/Resources/sdk/vexv5/libv5rt.a(v5_apijump.c.obj)
                0x0000000003804fdc                vexPrivateApiEnable
 .text.vexStdlibMismatchError
                0x0000000003804fec       0x3c /Applications/VEXcode Pro V5.app/Contents/Resources/sdk/vexv5/libv5rt.a(v5_apijump.c.obj)
                0x0000000003804fec                vexStdlibMismatchError
 .text.vexTaskAdd
                0x0000000003805028       0x10 /Applications/VEXcode Pro V5.app/Contents/Resources/sdk/vexv5/libv5rt.a(v5_apijump.c.obj)
                0x0000000003805028                vexTaskAdd
 .text.vexTasksRun
                0x0000000003805038       0x10 /Applications/VEXcode Pro V5.app/Contents/Resources/sdk/vexv5/libv5rt.a(v5_apijump.c.obj)
                0x0000000003805038                vexTasksRun
 .text.vexTaskYield
                0x0000000003805048       0x10 /Applications/VEXcode Pro V5.app/Contents/Resources/sdk/vexv5/libv5rt.a(v5_apijump.c.obj)
                0x0000000003805048                vexTaskYield
 .text.vexTaskCheckTimeslice
                0x0000000003805058       0x10 /Applications/VEXcode Pro V5.app/Contents/Resources/sdk/vexv5/libv5rt.a(v5_apijump.c.obj)
                0x0000000003805058                vexTaskCheckTimeslice
 .text.vexTaskSleep
                0x0000000003805068       0x10 /Applications/VEXcode Pro V5.app/Contents/Resources/sdk/vexv5/libv5rt.a(v5_apijump.c.obj)
                0x0000000003805068                vexTaskSleep
 .text.vexTasksDump
                0x0000000003805078       0x1c /Applications/VEXcode Pro V5.app/Contents/Resources/sdk/vexv5/libv5rt.a(v5_apijump.c.obj)
                0x0000000003805078                vexTasksDump
 .text.vexTaskGetTaskIndex
                0x0000000003805094       0x10 /Applications/VEXcode Pro V5.app/Contents/Resources/sdk/vexv5/libv5rt.a(v5_apijump.c.obj)
                0x0000000003805094                vexTaskGetTaskIndex
 .text.vexTaskStopAll
                0x00000000038050a4       0x10 /Applications/VEXcode Pro V5.app/Contents/Resources/sdk/vexv5/libv5rt.a(v5_apijump.c.obj)
                0x00000000038050a4                vexTaskStopAll
 .text.vexTaskRemoveAllUser
                0x00000000038050b4       0x34 /Applications/VEXcode Pro V5.app/Contents/Resources/sdk/vexv5/libv5rt.a(v5_apijump.c.obj)
                0x00000000038050b4                vexTaskRemoveAllUser
 .text.vexTaskCompletionIdSet
                0x00000000038050e8       0x10 /Applications/VEXcode Pro V5.app/Contents/Resources/sdk/vexv5/libv5rt.a(v5_apijump.c.obj)
                0x00000000038050e8                vexTaskCompletionIdSet
 .text.vexTaskStopWithId
                0x00000000038050f8       0x10 /Applications/VEXcode Pro V5.app/Contents/Resources/sdk/vexv5/libv5rt.a(v5_apijump.c.obj)
                0x00000000038050f8                vexTaskStopWithId
 .text.vexCriticalSection
                0x0000000003805108       0x2c /Applications/VEXcode Pro V5.app/Contents/Resources/sdk/vexv5/libv5rt.a(v5_apijump.c.obj)
                0x0000000003805108                vexCriticalSection
 .text.vexEventAdd
                0x0000000003805134       0x34 /Applications/VEXcode Pro V5.app/Contents/Resources/sdk/vexv5/libv5rt.a(v5_apijump.c.obj)
                0x0000000003805134                vexEventAdd
 .text.vexEventUserIndexGet
                0x0000000003805168       0x1c /Applications/VEXcode Pro V5.app/Contents/Resources/sdk/vexv5/libv5rt.a(v5_apijump.c.obj)
                0x0000000003805168                vexEventUserIndexGet
 .text.vexEventAddWithArg
                0x0000000003805184       0x3c /Applications/VEXcode Pro V5.app/Contents/Resources/sdk/vexv5/libv5rt.a(v5_apijump.c.obj)
                0x0000000003805184                vexEventAddWithArg
 .text.vexEventsCleanup
                0x00000000038051c0       0x2c /Applications/VEXcode Pro V5.app/Contents/Resources/sdk/vexv5/libv5rt.a(v5_apijump.c.obj)
                0x00000000038051c0                vexEventsCleanup
 .text.vexDebug
                0x00000000038051ec       0x38 /Applications/VEXcode Pro V5.app/Contents/Resources/sdk/vexv5/libv5rt.a(v5_apijump.c.obj)
                0x00000000038051ec                vexDebug
 .text.vex_sprintf
                0x0000000003805224       0x40 /Applications/VEXcode Pro V5.app/Contents/Resources/sdk/vexv5/libv5rt.a(v5_apijump.c.obj)
                0x0000000003805224                vex_sprintf
 .text.vex_vsnprintf
                0x0000000003805264       0x3c /Applications/VEXcode Pro V5.app/Contents/Resources/sdk/vexv5/libv5rt.a(v5_apijump.c.obj)
                0x0000000003805264                vex_vsnprintf
 .text.vexSystemTimeGet
                0x00000000038052a0       0x1c /Applications/VEXcode Pro V5.app/Contents/Resources/sdk/vexv5/libv5rt.a(v5_apijump.c.obj)
                0x00000000038052a0                vexSystemTimeGet
 .text.vexSystemExitRequest
                0x00000000038052bc       0x1c /Applications/VEXcode Pro V5.app/Contents/Resources/sdk/vexv5/libv5rt.a(v5_apijump.c.obj)
                0x00000000038052bc                vexSystemExitRequest
 .text.vexDeviceGetByIndex
                0x00000000038052d8       0x24 /Applications/VEXcode Pro V5.app/Contents/Resources/sdk/vexv5/libv5rt.a(v5_apijump.c.obj)
                0x00000000038052d8                vexDeviceGetByIndex
 .text.vexControllerGet
                0x00000000038052fc       0x2c /Applications/VEXcode Pro V5.app/Contents/Resources/sdk/vexv5/libv5rt.a(v5_apijump.c.obj)
                0x00000000038052fc                vexControllerGet
 .text.vexDeviceAdiPortConfigSet
                0x0000000003805328       0x34 /Applications/VEXcode Pro V5.app/Contents/Resources/sdk/vexv5/libv5rt.a(v5_apijump.c.obj)
                0x0000000003805328                vexDeviceAdiPortConfigSet
 .text.vexDeviceAdiPortConfigGet
                0x000000000380535c       0x2c /Applications/VEXcode Pro V5.app/Contents/Resources/sdk/vexv5/libv5rt.a(v5_apijump.c.obj)
                0x000000000380535c                vexDeviceAdiPortConfigGet
 .text.vexDeviceMotorVelocitySet
                0x0000000003805388       0x2c /Applications/VEXcode Pro V5.app/Contents/Resources/sdk/vexv5/libv5rt.a(v5_apijump.c.obj)
                0x0000000003805388                vexDeviceMotorVelocitySet
 .text.vexDeviceMotorActualVelocityGet
                0x00000000038053b4       0x24 /Applications/VEXcode Pro V5.app/Contents/Resources/sdk/vexv5/libv5rt.a(v5_apijump.c.obj)
                0x00000000038053b4                vexDeviceMotorActualVelocityGet
 .text.vexDeviceMotorZeroPositionFlagGet
                0x00000000038053d8       0x24 /Applications/VEXcode Pro V5.app/Contents/Resources/sdk/vexv5/libv5rt.a(v5_apijump.c.obj)
                0x00000000038053d8                vexDeviceMotorZeroPositionFlagGet
 .text.vexDeviceMotorReverseFlagSet
                0x00000000038053fc       0x2c /Applications/VEXcode Pro V5.app/Contents/Resources/sdk/vexv5/libv5rt.a(v5_apijump.c.obj)
                0x00000000038053fc                vexDeviceMotorReverseFlagSet
 .text.vexDeviceMotorEncoderUnitsSet
                0x0000000003805428       0x2c /Applications/VEXcode Pro V5.app/Contents/Resources/sdk/vexv5/libv5rt.a(v5_apijump.c.obj)
                0x0000000003805428                vexDeviceMotorEncoderUnitsSet
 .text.vexDeviceMotorBrakeModeSet
                0x0000000003805454       0x2c /Applications/VEXcode Pro V5.app/Contents/Resources/sdk/vexv5/libv5rt.a(v5_apijump.c.obj)
                0x0000000003805454                vexDeviceMotorBrakeModeSet
 .text.vexDeviceMotorPositionSet
                0x0000000003805480       0x34 /Applications/VEXcode Pro V5.app/Contents/Resources/sdk/vexv5/libv5rt.a(v5_apijump.c.obj)
                0x0000000003805480                vexDeviceMotorPositionSet
 .text.vexDeviceMotorPositionGet
                0x00000000038054b4       0x24 /Applications/VEXcode Pro V5.app/Contents/Resources/sdk/vexv5/libv5rt.a(v5_apijump.c.obj)
                0x00000000038054b4                vexDeviceMotorPositionGet
 .text.vexDeviceMotorRelativeTargetSet
                0x00000000038054d8       0x3c /Applications/VEXcode Pro V5.app/Contents/Resources/sdk/vexv5/libv5rt.a(v5_apijump.c.obj)
                0x00000000038054d8                vexDeviceMotorRelativeTargetSet
 .text.vexDeviceMotorGearingSet
                0x0000000003805514       0x2c /Applications/VEXcode Pro V5.app/Contents/Resources/sdk/vexv5/libv5rt.a(v5_apijump.c.obj)
                0x0000000003805514                vexDeviceMotorGearingSet
 .text.vexDeviceMotorGearingGet
                0x0000000003805540       0x24 /Applications/VEXcode Pro V5.app/Contents/Resources/sdk/vexv5/libv5rt.a(v5_apijump.c.obj)
                0x0000000003805540                vexDeviceMotorGearingGet
 .text.vexDeviceImuReset
                0x0000000003805564       0x24 /Applications/VEXcode Pro V5.app/Contents/Resources/sdk/vexv5/libv5rt.a(v5_apijump.c.obj)
                0x0000000003805564                vexDeviceImuReset
 .text.vexDeviceImuHeadingGet
                0x0000000003805588       0x24 /Applications/VEXcode Pro V5.app/Contents/Resources/sdk/vexv5/libv5rt.a(v5_apijump.c.obj)
                0x0000000003805588                vexDeviceImuHeadingGet
 .text.vexDeviceImuDegreesGet
                0x00000000038055ac       0x24 /Applications/VEXcode Pro V5.app/Contents/Resources/sdk/vexv5/libv5rt.a(v5_apijump.c.obj)
                0x00000000038055ac                vexDeviceImuDegreesGet
 .text.vexDeviceImuStatusGet
                0x00000000038055d0       0x24 /Applications/VEXcode Pro V5.app/Contents/Resources/sdk/vexv5/libv5rt.a(v5_apijump.c.obj)
                0x00000000038055d0                vexDeviceImuStatusGet
 .text.vexDisplayForegroundColor
                0x00000000038055f4       0x24 /Applications/VEXcode Pro V5.app/Contents/Resources/sdk/vexv5/libv5rt.a(v5_apijump.c.obj)
                0x00000000038055f4                vexDisplayForegroundColor
 .text.vexDisplayBackgroundColor
                0x0000000003805618       0x24 /Applications/VEXcode Pro V5.app/Contents/Resources/sdk/vexv5/libv5rt.a(v5_apijump.c.obj)
                0x0000000003805618                vexDisplayBackgroundColor
 .text.vexDisplayBackgroundColorGet
                0x000000000380563c       0x1c /Applications/VEXcode Pro V5.app/Contents/Resources/sdk/vexv5/libv5rt.a(v5_apijump.c.obj)
                0x000000000380563c                vexDisplayBackgroundColorGet
 .text.vexDisplayRectDraw
                0x0000000003805658       0x4c /Applications/VEXcode Pro V5.app/Contents/Resources/sdk/vexv5/libv5rt.a(v5_apijump.c.obj)
                0x0000000003805658                vexDisplayRectDraw
 .text.vexDisplayRectClear
                0x00000000038056a4       0x4c /Applications/VEXcode Pro V5.app/Contents/Resources/sdk/vexv5/libv5rt.a(v5_apijump.c.obj)
                0x00000000038056a4                vexDisplayRectClear
 .text.vexDisplayVPrintf
                0x00000000038056f0       0x50 /Applications/VEXcode Pro V5.app/Contents/Resources/sdk/vexv5/libv5rt.a(v5_apijump.c.obj)
                0x00000000038056f0                vexDisplayVPrintf
 .text.vexDisplayTextReference
                0x0000000003805740       0x24 /Applications/VEXcode Pro V5.app/Contents/Resources/sdk/vexv5/libv5rt.a(v5_apijump.c.obj)
                0x0000000003805740                vexDisplayTextReference
 .text.vexDisplayTextSize
                0x0000000003805764       0x2c /Applications/VEXcode Pro V5.app/Contents/Resources/sdk/vexv5/libv5rt.a(v5_apijump.c.obj)
                0x0000000003805764                vexDisplayTextSize
 .text.vexDisplayFontNamedSet
                0x0000000003805790       0x24 /Applications/VEXcode Pro V5.app/Contents/Resources/sdk/vexv5/libv5rt.a(v5_apijump.c.obj)
                0x0000000003805790                vexDisplayFontNamedSet
 .text.vexDisplayStringWidthGet
                0x00000000038057b4       0x24 /Applications/VEXcode Pro V5.app/Contents/Resources/sdk/vexv5/libv5rt.a(v5_apijump.c.obj)
                0x00000000038057b4                vexDisplayStringWidthGet
 .text.vexDisplayPenSizeSet
                0x00000000038057d8       0x24 /Applications/VEXcode Pro V5.app/Contents/Resources/sdk/vexv5/libv5rt.a(v5_apijump.c.obj)
                0x00000000038057d8                vexDisplayPenSizeSet
 .text.vexDisplayPenSizeGet
                0x00000000038057fc       0x1c /Applications/VEXcode Pro V5.app/Contents/Resources/sdk/vexv5/libv5rt.a(v5_apijump.c.obj)
                0x00000000038057fc                vexDisplayPenSizeGet
 .text.vexSystemStdlibImpureDataAddr
                0x0000000003805818       0x28 /Applications/VEXcode Pro V5.app/Contents/Resources/sdk/vexv5/libv5rt.a(v5_apijump.c.obj)
                0x0000000003805818                vexSystemStdlibImpureDataAddr
 .text.vexSystemStdlibImpureDataSize
                0x0000000003805840       0x28 /Applications/VEXcode Pro V5.app/Contents/Resources/sdk/vexv5/libv5rt.a(v5_apijump.c.obj)
                0x0000000003805840                vexSystemStdlibImpureDataSize
 .text.vexSystemSaveUserData
                0x0000000003805868       0x3c /Applications/VEXcode Pro V5.app/Contents/Resources/sdk/vexv5/libv5rt.a(v5_apijump.c.obj)
                0x0000000003805868                vexSystemSaveUserData
 .text.vexTouchDataGet
                0x00000000038058a4       0x10 /Applications/VEXcode Pro V5.app/Contents/Resources/sdk/vexv5/libv5rt.a(v5_apijump.c.obj)
                0x00000000038058a4                vexTouchDataGet
 .text.vexDisplayThemeIdGet
                0x00000000038058b4       0x38 /Applications/VEXcode Pro V5.app/Contents/Resources/sdk/vexv5/libv5rt.a(v5_apijump.c.obj)
                0x00000000038058b4                vexDisplayThemeIdGet
 .text.vexDeviceEventMaskSet
                0x00000000038058ec       0x48 /Applications/VEXcode Pro V5.app/Contents/Resources/sdk/vexv5/libv5rt.a(v5_apijump.c.obj)
                0x00000000038058ec                vexDeviceEventMaskSet
 .text.vexDeviceEventMaskGet
                0x0000000003805934       0x3c /Applications/VEXcode Pro V5.app/Contents/Resources/sdk/vexv5/libv5rt.a(v5_apijump.c.obj)
                0x0000000003805934                vexDeviceEventMaskGet
 .text.vexSystemVersion
                0x0000000003805970       0x10 /Applications/VEXcode Pro V5.app/Contents/Resources/sdk/vexv5/libv5rt.a(v5_apiversions.c.obj)
                0x0000000003805970                vexSystemVersion
 .text.vexStdlibVersion
                0x0000000003805980       0x10 /Applications/VEXcode Pro V5.app/Contents/Resources/sdk/vexv5/libv5rt.a(v5_apiversions.c.obj)
                0x0000000003805980                vexStdlibVersion
 .text._ZN3vex4waitEdNS_9timeUnitsE
                0x0000000003805990       0x30 /Applications/VEXcode Pro V5.app/Contents/Resources/sdk/vexv5/libv5rt.a(vex_global.cpp.obj)
                0x0000000003805990                vex::wait(double, vex::timeUnits)
 .text._ZN3vex5motorD2Ev
                0x00000000038059c0       0x20 /Applications/VEXcode Pro V5.app/Contents/Resources/sdk/vexv5/libv5rt.a(vex_motor.cpp.obj)
                0x00000000038059c0                vex::motor::~motor()
                0x00000000038059c0                vex::motor::~motor()
 .text._ZN3vex5motorD0Ev
                0x00000000038059e0       0x1c /Applications/VEXcode Pro V5.app/Contents/Resources/sdk/vexv5/libv5rt.a(vex_motor.cpp.obj)
                0x00000000038059e0                vex::motor::~motor()
 .text._ZN3vex5motor9installedEv
                0x00000000038059fc       0x18 /Applications/VEXcode Pro V5.app/Contents/Resources/sdk/vexv5/libv5rt.a(vex_motor.cpp.obj)
                0x00000000038059fc                vex::motor::installed()
 .text._ZN3vex5motor15defaultStoppingENS_9brakeTypeE
                0x0000000003805a14       0x30 /Applications/VEXcode Pro V5.app/Contents/Resources/sdk/vexv5/libv5rt.a(vex_motor.cpp.obj)
                0x0000000003805a14                vex::motor::defaultStopping(vex::brakeType)
 .text._ZN3vex5motor11setStoppingENS_9brakeTypeE
                0x0000000003805a44        0x4 /Applications/VEXcode Pro V5.app/Contents/Resources/sdk/vexv5/libv5rt.a(vex_motor.cpp.obj)
                0x0000000003805a44                vex::motor::setStopping(vex::brakeType)
 .text._ZN3vex5motorC2El
                0x0000000003805a48       0x78 /Applications/VEXcode Pro V5.app/Contents/Resources/sdk/vexv5/libv5rt.a(vex_motor.cpp.obj)
                0x0000000003805a48                vex::motor::motor(long)
                0x0000000003805a48                vex::motor::motor(long)
 .text._ZN3vex5motorC2ElNS_11gearSettingEb
                0x0000000003805ac0       0x34 /Applications/VEXcode Pro V5.app/Contents/Resources/sdk/vexv5/libv5rt.a(vex_motor.cpp.obj)
                0x0000000003805ac0                vex::motor::motor(long, vex::gearSetting, bool)
                0x0000000003805ac0                vex::motor::motor(long, vex::gearSetting, bool)
 .text._ZN3vex5motor10isSpinningEv
                0x0000000003805af4       0x38 /Applications/VEXcode Pro V5.app/Contents/Resources/sdk/vexv5/libv5rt.a(vex_motor.cpp.obj)
                0x0000000003805af4                vex::motor::isSpinning()
 .text._ZN3vex5motor4stopENS_9brakeTypeE
                0x0000000003805b2c       0x30 /Applications/VEXcode Pro V5.app/Contents/Resources/sdk/vexv5/libv5rt.a(vex_motor.cpp.obj)
                0x0000000003805b2c                vex::motor::stop(vex::brakeType)
 .text._ZN3vex5motor4stopEv
                0x0000000003805b5c        0x8 /Applications/VEXcode Pro V5.app/Contents/Resources/sdk/vexv5/libv5rt.a(vex_motor.cpp.obj)
                0x0000000003805b5c                vex::motor::stop()
 .text._ZN3vex5motor16velocityToScaledEdNS_13velocityUnitsE
                0x0000000003805b64       0x5c /Applications/VEXcode Pro V5.app/Contents/Resources/sdk/vexv5/libv5rt.a(vex_motor.cpp.obj)
                0x0000000003805b64                vex::motor::velocityToScaled(double, vex::velocityUnits)
 .text._ZN3vex5motor8velocityENS_13velocityUnitsE
                0x0000000003805bc0       0x30 /Applications/VEXcode Pro V5.app/Contents/Resources/sdk/vexv5/libv5rt.a(vex_motor.cpp.obj)
                0x0000000003805bc0                vex::motor::velocity(vex::velocityUnits)
 .text._ZN3vex5motor5valueEv
                0x0000000003805bf0       0x1c /Applications/VEXcode Pro V5.app/Contents/Resources/sdk/vexv5/libv5rt.a(vex_motor.cpp.obj)
                0x0000000003805bf0                vex::motor::value()
 .text._ZN3vex5motor16scaledToVelocityEdNS_13velocityUnitsE
                0x0000000003805c0c       0xa4 /Applications/VEXcode Pro V5.app/Contents/Resources/sdk/vexv5/libv5rt.a(vex_motor.cpp.obj)
                0x0000000003805c0c                vex::motor::scaledToVelocity(double, vex::velocityUnits)
 .text._ZN3vex5motor4spinENS_13directionTypeEdNS_13velocityUnitsE
                0x0000000003805cb0       0x5c /Applications/VEXcode Pro V5.app/Contents/Resources/sdk/vexv5/libv5rt.a(vex_motor.cpp.obj)
                0x0000000003805cb0                vex::motor::spin(vex::directionType, double, vex::velocityUnits)
 .text._ZN3vex5motor11setVelocityEdNS_13velocityUnitsE
                0x0000000003805d0c       0x54 /Applications/VEXcode Pro V5.app/Contents/Resources/sdk/vexv5/libv5rt.a(vex_motor.cpp.obj)
                0x0000000003805d0c                vex::motor::setVelocity(double, vex::velocityUnits)
 .text._ZN3vex5motor16setRotationUnitsENS_13rotationUnitsE
                0x0000000003805d60       0x1c /Applications/VEXcode Pro V5.app/Contents/Resources/sdk/vexv5/libv5rt.a(vex_motor.cpp.obj)
                0x0000000003805d60                vex::motor::setRotationUnits(vex::rotationUnits)
 .text._ZN3vex5motor11setRotationEdNS_13rotationUnitsE
                0x0000000003805d7c       0x44 /Applications/VEXcode Pro V5.app/Contents/Resources/sdk/vexv5/libv5rt.a(vex_motor.cpp.obj)
                0x0000000003805d7c                vex::motor::setRotation(double, vex::rotationUnits)
 .text._ZN3vex5motor13resetRotationEv
                0x0000000003805dc0       0x20 /Applications/VEXcode Pro V5.app/Contents/Resources/sdk/vexv5/libv5rt.a(vex_motor.cpp.obj)
                0x0000000003805dc0                vex::motor::resetRotation()
 .text._ZN3vex5motor9rotateForEdNS_13rotationUnitsEdNS_13velocityUnitsEb
                0x0000000003805de0       0xe0 /Applications/VEXcode Pro V5.app/Contents/Resources/sdk/vexv5/libv5rt.a(vex_motor.cpp.obj)
                0x0000000003805de0                vex::motor::rotateFor(double, vex::rotationUnits, double, vex::velocityUnits, bool)
 .text._ZN3vex5motor9rotateForENS_13directionTypeEdNS_13rotationUnitsEdNS_13velocityUnitsEb
                0x0000000003805ec0       0x34 /Applications/VEXcode Pro V5.app/Contents/Resources/sdk/vexv5/libv5rt.a(vex_motor.cpp.obj)
                0x0000000003805ec0                vex::motor::rotateFor(vex::directionType, double, vex::rotationUnits, double, vex::velocityUnits, bool)
 .text._ZN3vex5motor8rotationENS_13rotationUnitsE
                0x0000000003805ef4       0x44 /Applications/VEXcode Pro V5.app/Contents/Resources/sdk/vexv5/libv5rt.a(vex_motor.cpp.obj)
                0x0000000003805ef4                vex::motor::rotation(vex::rotationUnits)
 .text._ZN3vex8inertial10setHeadingEdNS_13rotationUnitsE
                0x0000000003805f38       0x58 /Applications/VEXcode Pro V5.app/Contents/Resources/sdk/vexv5/libv5rt.a(vex_imu.cpp.obj)
                0x0000000003805f38                vex::inertial::setHeading(double, vex::rotationUnits)
 .text._ZThn16_N3vex8inertial10setHeadingEdNS_13rotationUnitsE
                0x0000000003805f90        0x8 /Applications/VEXcode Pro V5.app/Contents/Resources/sdk/vexv5/libv5rt.a(vex_imu.cpp.obj)
                0x0000000003805f90                non-virtual thunk to vex::inertial::setHeading(double, vex::rotationUnits)
 .text._ZN3vex8inertial11setRotationEdNS_13rotationUnitsE
                0x0000000003805f98       0x58 /Applications/VEXcode Pro V5.app/Contents/Resources/sdk/vexv5/libv5rt.a(vex_imu.cpp.obj)
                0x0000000003805f98                vex::inertial::setRotation(double, vex::rotationUnits)
 .text._ZThn16_N3vex8inertial11setRotationEdNS_13rotationUnitsE
                0x0000000003805ff0        0x8 /Applications/VEXcode Pro V5.app/Contents/Resources/sdk/vexv5/libv5rt.a(vex_imu.cpp.obj)
                0x0000000003805ff0                non-virtual thunk to vex::inertial::setRotation(double, vex::rotationUnits)
 .text._ZN3vex8inertialD2Ev
                0x0000000003805ff8       0x20 /Applications/VEXcode Pro V5.app/Contents/Resources/sdk/vexv5/libv5rt.a(vex_imu.cpp.obj)
                0x0000000003805ff8                vex::inertial::~inertial()
                0x0000000003805ff8                vex::inertial::~inertial()
 .text._ZThn16_N3vex8inertialD1Ev
                0x0000000003806018        0x8 /Applications/VEXcode Pro V5.app/Contents/Resources/sdk/vexv5/libv5rt.a(vex_imu.cpp.obj)
                0x0000000003806018                non-virtual thunk to vex::inertial::~inertial()
 .text._ZN3vex8inertialD0Ev
                0x0000000003806020       0x1c /Applications/VEXcode Pro V5.app/Contents/Resources/sdk/vexv5/libv5rt.a(vex_imu.cpp.obj)
                0x0000000003806020                vex::inertial::~inertial()
 .text._ZThn16_N3vex8inertialD0Ev
                0x000000000380603c        0x8 /Applications/VEXcode Pro V5.app/Contents/Resources/sdk/vexv5/libv5rt.a(vex_imu.cpp.obj)
                0x000000000380603c                non-virtual thunk to vex::inertial::~inertial()
 .text._ZN3vex8inertial9installedEv
                0x0000000003806044       0x18 /Applications/VEXcode Pro V5.app/Contents/Resources/sdk/vexv5/libv5rt.a(vex_imu.cpp.obj)
                0x0000000003806044                vex::inertial::installed()
 .text._ZN3vex8inertial5angleENS_13rotationUnitsE
                0x000000000380605c       0x60 /Applications/VEXcode Pro V5.app/Contents/Resources/sdk/vexv5/libv5rt.a(vex_imu.cpp.obj)
                0x000000000380605c                vex::inertial::angle(vex::rotationUnits)
 .text._ZThn16_N3vex8inertial5angleENS_13rotationUnitsE
                0x00000000038060bc        0x8 /Applications/VEXcode Pro V5.app/Contents/Resources/sdk/vexv5/libv5rt.a(vex_imu.cpp.obj)
                0x00000000038060bc                non-virtual thunk to vex::inertial::angle(vex::rotationUnits)
 .text._ZN3vex8inertial7headingENS_13rotationUnitsE
                0x00000000038060c4        0x4 /Applications/VEXcode Pro V5.app/Contents/Resources/sdk/vexv5/libv5rt.a(vex_imu.cpp.obj)
                0x00000000038060c4                vex::inertial::heading(vex::rotationUnits)
 .text._ZThn16_N3vex8inertial7headingENS_13rotationUnitsE
                0x00000000038060c8        0x8 /Applications/VEXcode Pro V5.app/Contents/Resources/sdk/vexv5/libv5rt.a(vex_imu.cpp.obj)
                0x00000000038060c8                non-virtual thunk to vex::inertial::heading(vex::rotationUnits)
 .text._ZN3vex8inertial5valueEv
                0x00000000038060d0       0x1c /Applications/VEXcode Pro V5.app/Contents/Resources/sdk/vexv5/libv5rt.a(vex_imu.cpp.obj)
                0x00000000038060d0                vex::inertial::value()
 *fill*         0x00000000038060ec        0x4 
 .text._ZN3vex8inertial8rotationENS_13rotationUnitsE
                0x00000000038060f0       0x40 /Applications/VEXcode Pro V5.app/Contents/Resources/sdk/vexv5/libv5rt.a(vex_imu.cpp.obj)
                0x00000000038060f0                vex::inertial::rotation(vex::rotationUnits)
 .text._ZThn16_N3vex8inertial8rotationENS_13rotationUnitsE
                0x0000000003806130        0x8 /Applications/VEXcode Pro V5.app/Contents/Resources/sdk/vexv5/libv5rt.a(vex_imu.cpp.obj)
                0x0000000003806130                non-virtual thunk to vex::inertial::rotation(vex::rotationUnits)
 .text._ZN3vex8inertial13isCalibratingEv
                0x0000000003806138       0x38 /Applications/VEXcode Pro V5.app/Contents/Resources/sdk/vexv5/libv5rt.a(vex_imu.cpp.obj)
                0x0000000003806138                vex::inertial::isCalibrating()
 .text._ZThn16_N3vex8inertial13isCalibratingEv
                0x0000000003806170        0x8 /Applications/VEXcode Pro V5.app/Contents/Resources/sdk/vexv5/libv5rt.a(vex_imu.cpp.obj)
                0x0000000003806170                non-virtual thunk to vex::inertial::isCalibrating()
 .text._ZN3vex8inertialC2El
                0x0000000003806178       0x48 /Applications/VEXcode Pro V5.app/Contents/Resources/sdk/vexv5/libv5rt.a(vex_imu.cpp.obj)
                0x0000000003806178                vex::inertial::inertial(long)
                0x0000000003806178                vex::inertial::inertial(long)
 .text._ZN3vex8inertial12resetHeadingEv
                0x00000000038061c0       0x20 /Applications/VEXcode Pro V5.app/Contents/Resources/sdk/vexv5/libv5rt.a(vex_imu.cpp.obj)
                0x00000000038061c0                vex::inertial::resetHeading()
 .text._ZN3vex8inertial16startCalibrationEl
                0x00000000038061e0       0x20 /Applications/VEXcode Pro V5.app/Contents/Resources/sdk/vexv5/libv5rt.a(vex_imu.cpp.obj)
                0x00000000038061e0                vex::inertial::startCalibration(long)
 .text._ZN3vex8inertial9calibrateEl
                0x0000000003806200        0xc /Applications/VEXcode Pro V5.app/Contents/Resources/sdk/vexv5/libv5rt.a(vex_imu.cpp.obj)
                0x0000000003806200                vex::inertial::calibrate(long)
                0x0000000003806204                non-virtual thunk to vex::inertial::calibrate(long)
 .text._ZN3vex10controllerD2Ev
                0x000000000380620c        0x4 /Applications/VEXcode Pro V5.app/Contents/Resources/sdk/vexv5/libv5rt.a(vex_controller.cpp.obj)
                0x000000000380620c                vex::controller::~controller()
                0x000000000380620c                vex::controller::~controller()
 .text._ZN3vex10controller5valueE19_V5_ControllerIndex
                0x0000000003806210        0x8 /Applications/VEXcode Pro V5.app/Contents/Resources/sdk/vexv5/libv5rt.a(vex_controller.cpp.obj)
                0x0000000003806210                vex::controller::value(_V5_ControllerIndex)
 .text._ZN3vex10controller6button8pressingEv
                0x0000000003806218       0xc8 /Applications/VEXcode Pro V5.app/Contents/Resources/sdk/vexv5/libv5rt.a(vex_controller.cpp.obj)
                0x0000000003806218                vex::controller::button::pressing()
 .text._ZN3vex10controller6button7pressedEPFvvE
                0x00000000038062e0      0x108 /Applications/VEXcode Pro V5.app/Contents/Resources/sdk/vexv5/libv5rt.a(vex_controller.cpp.obj)
                0x00000000038062e0                vex::controller::button::pressed(void (*)())
 .text._ZN3vex10controller6button21_buttonToPressedEventEv
                0x00000000038063e8       0x20 /Applications/VEXcode Pro V5.app/Contents/Resources/sdk/vexv5/libv5rt.a(vex_controller.cpp.obj)
                0x00000000038063e8                vex::controller::button::_buttonToPressedEvent()
 .text._ZN3vex10controller6button22_buttonToReleasedEventEv
                0x0000000003806408       0x20 /Applications/VEXcode Pro V5.app/Contents/Resources/sdk/vexv5/libv5rt.a(vex_controller.cpp.obj)
                0x0000000003806408                vex::controller::button::_buttonToReleasedEvent()
 .text._ZN3vex10controller6buttonC2ENS0_11tButtonTypeEPS0_
                0x0000000003806428       0x48 /Applications/VEXcode Pro V5.app/Contents/Resources/sdk/vexv5/libv5rt.a(vex_controller.cpp.obj)
                0x0000000003806428                vex::controller::button::button(vex::controller::tButtonType, vex::controller*)
                0x0000000003806428                vex::controller::button::button(vex::controller::tButtonType, vex::controller*)
 .text._ZN3vex10controller4axis5valueEv
                0x0000000003806470       0x58 /Applications/VEXcode Pro V5.app/Contents/Resources/sdk/vexv5/libv5rt.a(vex_controller.cpp.obj)
                0x0000000003806470                vex::controller::axis::value()
 .text._ZN3vex10controller4axis8positionENS_12percentUnitsE
                0x00000000038064c8       0x1c /Applications/VEXcode Pro V5.app/Contents/Resources/sdk/vexv5/libv5rt.a(vex_controller.cpp.obj)
                0x00000000038064c8                vex::controller::axis::position(vex::percentUnits)
 .text._ZN3vex10controller4axis7changedEPFvvE
                0x00000000038064e4       0x68 /Applications/VEXcode Pro V5.app/Contents/Resources/sdk/vexv5/libv5rt.a(vex_controller.cpp.obj)
                0x00000000038064e4                vex::controller::axis::changed(void (*)())
 .text._ZN3vex10controller4axis23_joystickToChangedEventEv
                0x000000000380654c       0x20 /Applications/VEXcode Pro V5.app/Contents/Resources/sdk/vexv5/libv5rt.a(vex_controller.cpp.obj)
                0x000000000380654c                vex::controller::axis::_joystickToChangedEvent()
 .text._ZN3vex10controller4axisC2ENS0_9tAxisTypeEPS0_
                0x000000000380656c       0x2c /Applications/VEXcode Pro V5.app/Contents/Resources/sdk/vexv5/libv5rt.a(vex_controller.cpp.obj)
                0x000000000380656c                vex::controller::axis::axis(vex::controller::tAxisType, vex::controller*)
                0x000000000380656c                vex::controller::axis::axis(vex::controller::tAxisType, vex::controller*)
 .text._ZN3vex10controllerC2Ev
                0x0000000003806598      0x204 /Applications/VEXcode Pro V5.app/Contents/Resources/sdk/vexv5/libv5rt.a(vex_controller.cpp.obj)
                0x0000000003806598                vex::controller::controller()
                0x0000000003806598                vex::controller::controller()
 .text._ZN3vex4taskC2EPFivE
                0x000000000380679c       0x5c /Applications/VEXcode Pro V5.app/Contents/Resources/sdk/vexv5/libv5rt.a(vex_task.cpp.obj)
                0x000000000380679c                vex::task::task(int (*)())
                0x000000000380679c                vex::task::task(int (*)())
 .text._ZN3vex4taskD2Ev
                0x00000000038067f8        0x4 /Applications/VEXcode Pro V5.app/Contents/Resources/sdk/vexv5/libv5rt.a(vex_task.cpp.obj)
                0x00000000038067f8                vex::task::~task()
                0x00000000038067f8                vex::task::~task()
 .text._ZN3vex4task4stopERKS0_
                0x00000000038067fc       0x18 /Applications/VEXcode Pro V5.app/Contents/Resources/sdk/vexv5/libv5rt.a(vex_task.cpp.obj)
                0x00000000038067fc                vex::task::stop(vex::task const&)
 .text._ZN3vex4task5sleepEm
                0x0000000003806814        0x4 /Applications/VEXcode Pro V5.app/Contents/Resources/sdk/vexv5/libv5rt.a(vex_task.cpp.obj)
                0x0000000003806814                vex::task::sleep(unsigned long)
 .text._ZN3vex4task6_indexEPFivE
                0x0000000003806818       0x14 /Applications/VEXcode Pro V5.app/Contents/Resources/sdk/vexv5/libv5rt.a(vex_task.cpp.obj)
                0x0000000003806818                vex::task::_index(int (*)())
 .text._ZN3vex4task8_stopAllEv
                0x000000000380682c       0x3c /Applications/VEXcode Pro V5.app/Contents/Resources/sdk/vexv5/libv5rt.a(vex_task.cpp.obj)
                0x000000000380682c                vex::task::_stopAll()
 .text._ZN3vex6threadC2EPFivE
                0x0000000003806868       0x5c /Applications/VEXcode Pro V5.app/Contents/Resources/sdk/vexv5/libv5rt.a(vex_thread.cpp.obj)
                0x0000000003806868                vex::thread::thread(int (*)())
                0x0000000003806868                vex::thread::thread(int (*)())
 .text._ZN3vex11this_thread9sleep_forEm
                0x00000000038068c4        0x4 /Applications/VEXcode Pro V5.app/Contents/Resources/sdk/vexv5/libv5rt.a(vex_thread.cpp.obj)
                0x00000000038068c4                vex::this_thread::sleep_for(unsigned long)
 .text._ZN3vex5event4initEmmPFvvE
                0x00000000038068c8        0x4 /Applications/VEXcode Pro V5.app/Contents/Resources/sdk/vexv5/libv5rt.a(vex_event.cpp.obj)
                0x00000000038068c8                vex::event::init(unsigned long, unsigned long, void (*)())
 .text._ZN3vex5event4initEmmPFvPvES1_
                0x00000000038068cc        0x4 /Applications/VEXcode Pro V5.app/Contents/Resources/sdk/vexv5/libv5rt.a(vex_event.cpp.obj)
                0x00000000038068cc                vex::event::init(unsigned long, unsigned long, void (*)(void*), void*)
 .text._ZN3vex5event9userindexEv
                0x00000000038068d0        0x4 /Applications/VEXcode Pro V5.app/Contents/Resources/sdk/vexv5/libv5rt.a(vex_event.cpp.obj)
                0x00000000038068d0                vex::event::userindex()
 .text._ZZN3vex6meventC4EmmENUlvE_4_FUNEv
                0x00000000038068d4        0x4 /Applications/VEXcode Pro V5.app/Contents/Resources/sdk/vexv5/libv5rt.a(vex_mevent.cpp.obj)
 .text._ZN3vex6meventC2Emm
                0x00000000038068d8       0x70 /Applications/VEXcode Pro V5.app/Contents/Resources/sdk/vexv5/libv5rt.a(vex_mevent.cpp.obj)
                0x00000000038068d8                vex::mevent::mevent(unsigned long, unsigned long)
                0x00000000038068d8                vex::mevent::mevent(unsigned long, unsigned long)
 .text._ZL9_hexDigitc
                0x0000000003806948       0x48 /Applications/VEXcode Pro V5.app/Contents/Resources/sdk/vexv5/libv5rt.a(vex_brain.cpp.obj)
 .text._ZN3vex5brain9_getIndexEv
                0x0000000003806990       0x10 /Applications/VEXcode Pro V5.app/Contents/Resources/sdk/vexv5/libv5rt.a(vex_brain.cpp.obj)
                0x0000000003806990                vex::brain::_getIndex()
 .text._ZN3vex5brain3lcd9setCursorEll
                0x00000000038069a0       0x44 /Applications/VEXcode Pro V5.app/Contents/Resources/sdk/vexv5/libv5rt.a(vex_brain.cpp.obj)
                0x00000000038069a0                vex::brain::lcd::setCursor(long, long)
 .text._ZN3vex5brain3lcd7setFontENS_8fontTypeE
                0x00000000038069e4      0x23c /Applications/VEXcode Pro V5.app/Contents/Resources/sdk/vexv5/libv5rt.a(vex_brain.cpp.obj)
                0x00000000038069e4                vex::brain::lcd::setFont(vex::fontType)
 .text._ZN3vex5brain3lcdC2Ev
                0x0000000003806c20       0x94 /Applications/VEXcode Pro V5.app/Contents/Resources/sdk/vexv5/libv5rt.a(vex_brain.cpp.obj)
                0x0000000003806c20                vex::brain::lcd::lcd()
                0x0000000003806c20                vex::brain::lcd::lcd()
 .text._ZN3vex5brainC2Ev
                0x0000000003806cb4       0x38 /Applications/VEXcode Pro V5.app/Contents/Resources/sdk/vexv5/libv5rt.a(vex_brain.cpp.obj)
                0x0000000003806cb4                vex::brain::brain()
                0x0000000003806cb4                vex::brain::brain()
 .text._ZN3vex5brain3lcd11setPenWidthEm
                0x0000000003806cec       0x24 /Applications/VEXcode Pro V5.app/Contents/Resources/sdk/vexv5/libv5rt.a(vex_brain.cpp.obj)
                0x0000000003806cec                vex::brain::lcd::setPenWidth(unsigned long)
 .text._ZN3vex5brain3lcd12_clearScreenEm
                0x0000000003806d10       0x38 /Applications/VEXcode Pro V5.app/Contents/Resources/sdk/vexv5/libv5rt.a(vex_brain.cpp.obj)
                0x0000000003806d10                vex::brain::lcd::_clearScreen(unsigned long)
 .text._ZN3vex5brain3lcd11clearScreenERKNS_5colorE
                0x0000000003806d48       0x20 /Applications/VEXcode Pro V5.app/Contents/Resources/sdk/vexv5/libv5rt.a(vex_brain.cpp.obj)
                0x0000000003806d48                vex::brain::lcd::clearScreen(vex::color const&)
 .text._ZN3vex5brain3lcd11clearScreenEv
                0x0000000003806d68       0x2c /Applications/VEXcode Pro V5.app/Contents/Resources/sdk/vexv5/libv5rt.a(vex_brain.cpp.obj)
                0x0000000003806d68                vex::brain::lcd::clearScreen()
 .text._ZN3vex5brain3lcd13drawRectangleEiiii
                0x0000000003806d94       0xdc /Applications/VEXcode Pro V5.app/Contents/Resources/sdk/vexv5/libv5rt.a(vex_brain.cpp.obj)
                0x0000000003806d94                vex::brain::lcd::drawRectangle(int, int, int, int)
 .text._ZN3vex5brain3lcd7newLineEv
                0x0000000003806e70       0x20 /Applications/VEXcode Pro V5.app/Contents/Resources/sdk/vexv5/libv5rt.a(vex_brain.cpp.obj)
                0x0000000003806e70                vex::brain::lcd::newLine()
 .text._ZN3vex5brain3lcd9xPositionEv
                0x0000000003806e90       0x24 /Applications/VEXcode Pro V5.app/Contents/Resources/sdk/vexv5/libv5rt.a(vex_brain.cpp.obj)
                0x0000000003806e90                vex::brain::lcd::xPosition()
 .text._ZN3vex5brain3lcd9yPositionEv
                0x0000000003806eb4       0x24 /Applications/VEXcode Pro V5.app/Contents/Resources/sdk/vexv5/libv5rt.a(vex_brain.cpp.obj)
                0x0000000003806eb4                vex::brain::lcd::yPosition()
 .text._ZN3vex5brain3lcd7pressedEPFvvE
                0x0000000003806ed8       0x1c /Applications/VEXcode Pro V5.app/Contents/Resources/sdk/vexv5/libv5rt.a(vex_brain.cpp.obj)
                0x0000000003806ed8                vex::brain::lcd::pressed(void (*)())
 .text._ZN3vex5brain3lcd10rowToPixelEl
                0x0000000003806ef4       0x34 /Applications/VEXcode Pro V5.app/Contents/Resources/sdk/vexv5/libv5rt.a(vex_brain.cpp.obj)
                0x0000000003806ef4                vex::brain::lcd::rowToPixel(long)
 .text._ZN3vex5brain3lcd5printEPKcz
                0x0000000003806f28       0xb8 /Applications/VEXcode Pro V5.app/Contents/Resources/sdk/vexv5/libv5rt.a(vex_brain.cpp.obj)
                0x0000000003806f28                vex::brain::lcd::print(char const*, ...)
 .text._ZN3vex5brain3lcd13webColorToRgbEPKc
                0x0000000003806fe0       0x9c /Applications/VEXcode Pro V5.app/Contents/Resources/sdk/vexv5/libv5rt.a(vex_brain.cpp.obj)
                0x0000000003806fe0                vex::brain::lcd::webColorToRgb(char const*)
 .text._ZN3vex5brain3lcd11setPenColorEPKc
                0x000000000380707c       0x10 /Applications/VEXcode Pro V5.app/Contents/Resources/sdk/vexv5/libv5rt.a(vex_brain.cpp.obj)
                0x000000000380707c                vex::brain::lcd::setPenColor(char const*)
 .text._ZN3vex5brain3lcd12setFillColorEPKc
                0x000000000380708c       0x1c /Applications/VEXcode Pro V5.app/Contents/Resources/sdk/vexv5/libv5rt.a(vex_brain.cpp.obj)
                0x000000000380708c                vex::brain::lcd::setFillColor(char const*)
 .text._ZN3vex5brainD2Ev
                0x00000000038070a8       0x20 /Applications/VEXcode Pro V5.app/Contents/Resources/sdk/vexv5/libv5rt.a(vex_brain.cpp.obj)
                0x00000000038070a8                vex::brain::~brain()
                0x00000000038070a8                vex::brain::~brain()
 .text._ZN3vex11competition11_autonomousEv
                0x00000000038070c8       0x90 /Applications/VEXcode Pro V5.app/Contents/Resources/sdk/vexv5/libv5rt.a(vex_competition.cpp.obj)
                0x00000000038070c8                vex::competition::_autonomous()
 .text._ZN3vex11competition14_drivercontrolEv
                0x0000000003807158       0x90 /Applications/VEXcode Pro V5.app/Contents/Resources/sdk/vexv5/libv5rt.a(vex_competition.cpp.obj)
                0x0000000003807158                vex::competition::_drivercontrol()
 .text._ZN3vex11competition8_disableEPv
                0x00000000038071e8       0xc8 /Applications/VEXcode Pro V5.app/Contents/Resources/sdk/vexv5/libv5rt.a(vex_competition.cpp.obj)
                0x00000000038071e8                vex::competition::_disable(void*)
 .text._ZN3vex11competitionC2Ev
                0x00000000038072b0      0x13c /Applications/VEXcode Pro V5.app/Contents/Resources/sdk/vexv5/libv5rt.a(vex_competition.cpp.obj)
                0x00000000038072b0                vex::competition::competition()
                0x00000000038072b0                vex::competition::competition()
 .text._ZN3vex11competitionD2Ev
                0x00000000038073ec        0x4 /Applications/VEXcode Pro V5.app/Contents/Resources/sdk/vexv5/libv5rt.a(vex_competition.cpp.obj)
                0x00000000038073ec                vex::competition::~competition()
                0x00000000038073ec                vex::competition::~competition()
 .text._ZN3vex11competition10autonomousEPFvvE
                0x00000000038073f0       0x44 /Applications/VEXcode Pro V5.app/Contents/Resources/sdk/vexv5/libv5rt.a(vex_competition.cpp.obj)
                0x00000000038073f0                vex::competition::autonomous(void (*)())
 .text._ZN3vex7triportD2Ev
                0x0000000003807434       0x38 /Applications/VEXcode Pro V5.app/Contents/Resources/sdk/vexv5/libv5rt.a(vex_triport.cpp.obj)
                0x0000000003807434                vex::triport::~triport()
                0x0000000003807434                vex::triport::~triport()
 .text._ZN3vex7triportD0Ev
                0x000000000380746c       0x1c /Applications/VEXcode Pro V5.app/Contents/Resources/sdk/vexv5/libv5rt.a(vex_triport.cpp.obj)
                0x000000000380746c                vex::triport::~triport()
 .text._ZN3vex7triport9installedEv
                0x0000000003807488       0x18 /Applications/VEXcode Pro V5.app/Contents/Resources/sdk/vexv5/libv5rt.a(vex_triport.cpp.obj)
                0x0000000003807488                vex::triport::installed()
 .text._ZN3vex7triport4portC2ElPS0_
                0x00000000038074a0       0x74 /Applications/VEXcode Pro V5.app/Contents/Resources/sdk/vexv5/libv5rt.a(vex_triport.cpp.obj)
                0x00000000038074a0                vex::triport::port::port(long, vex::triport*)
                0x00000000038074a0                vex::triport::port::port(long, vex::triport*)
 .text._ZN3vex7triportC2El
                0x0000000003807514       0xf0 /Applications/VEXcode Pro V5.app/Contents/Resources/sdk/vexv5/libv5rt.a(vex_triport.cpp.obj)
                0x0000000003807514                vex::triport::triport(long)
                0x0000000003807514                vex::triport::triport(long)
 .text._ZN3vex7triport4port4typeENS_11triportTypeE
                0x0000000003807604       0x30 /Applications/VEXcode Pro V5.app/Contents/Resources/sdk/vexv5/libv5rt.a(vex_triport.cpp.obj)
                0x0000000003807604                vex::triport::port::type(vex::triportType)
 .text._ZN3vex7triport4port4typeEv
                0x0000000003807634       0x38 /Applications/VEXcode Pro V5.app/Contents/Resources/sdk/vexv5/libv5rt.a(vex_triport.cpp.obj)
                0x0000000003807634                vex::triport::port::type()
 .text._ZN3vex11__trideviceC2ERNS_7triport4portENS_11triportTypeE
                0x000000000380766c       0x5c /Applications/VEXcode Pro V5.app/Contents/Resources/sdk/vexv5/libv5rt.a(vex_triport.cpp.obj)
                0x000000000380766c                vex::__tridevice::__tridevice(vex::triport::port&, vex::triportType)
                0x000000000380766c                vex::__tridevice::__tridevice(vex::triport::port&, vex::triportType)
 .text._ZN3vex7encoderC2ERNS_7triport4portE
                0x00000000038076c8       0x20 /Applications/VEXcode Pro V5.app/Contents/Resources/sdk/vexv5/libv5rt.a(vex_triport.cpp.obj)
                0x00000000038076c8                vex::encoder::encoder(vex::triport::port&)
                0x00000000038076c8                vex::encoder::encoder(vex::triport::port&)
 .text._ZN3vex7encoderD2Ev
                0x00000000038076e8        0x4 /Applications/VEXcode Pro V5.app/Contents/Resources/sdk/vexv5/libv5rt.a(vex_triport.cpp.obj)
                0x00000000038076e8                vex::encoder::~encoder()
                0x00000000038076e8                vex::encoder::~encoder()
 .text.startup._GLOBAL__sub_I__ZN3vex7triportC2El
                0x00000000038076ec       0x30 /Applications/VEXcode Pro V5.app/Contents/Resources/sdk/vexv5/libv5rt.a(vex_triport.cpp.obj)
 .text._ZN3vex5colorD2Ev
                0x000000000380771c        0x4 /Applications/VEXcode Pro V5.app/Contents/Resources/sdk/vexv5/libv5rt.a(vex_color.cpp.obj)
                0x000000000380771c                vex::color::~color()
                0x000000000380771c                vex::color::~color()
 .text._ZNK3vex5colorcvmEv
                0x0000000003807720        0x8 /Applications/VEXcode Pro V5.app/Contents/Resources/sdk/vexv5/libv5rt.a(vex_color.cpp.obj)
                0x0000000003807720                vex::color::operator unsigned long() const
 .text.startup._GLOBAL__sub_I__ZN3vex5color5blackE
                0x0000000003807728      0x164 /Applications/VEXcode Pro V5.app/Contents/Resources/sdk/vexv5/libv5rt.a(vex_color.cpp.obj)
 .text._ZN3vex5timerD2Ev
                0x000000000380788c        0x4 /Applications/VEXcode Pro V5.app/Contents/Resources/sdk/vexv5/libv5rt.a(vex_timer.cpp.obj)
                0x000000000380788c                vex::timer::~timer()
                0x000000000380788c                vex::timer::~timer()
 .text._ZN3vex5timer5clearEv
                0x0000000003807890       0x1c /Applications/VEXcode Pro V5.app/Contents/Resources/sdk/vexv5/libv5rt.a(vex_timer.cpp.obj)
                0x0000000003807890                vex::timer::clear()
 .text._ZN3vex5timerC2Ev
                0x00000000038078ac       0x14 /Applications/VEXcode Pro V5.app/Contents/Resources/sdk/vexv5/libv5rt.a(vex_timer.cpp.obj)
                0x00000000038078ac                vex::timer::timer()
                0x00000000038078ac                vex::timer::timer()
 .text._ZN3vex11motor_group18motor_group_motorsC2Ev
                0x00000000038078c0       0x28 /Applications/VEXcode Pro V5.app/Contents/Resources/sdk/vexv5/libv5rt.a(vex_motorgroup.cpp.obj)
                0x00000000038078c0                vex::motor_group::motor_group_motors::motor_group_motors()
                0x00000000038078c0                vex::motor_group::motor_group_motors::motor_group_motors()
 .text._ZN3vex11motor_groupC2Ev
                0x00000000038078e8       0x1c /Applications/VEXcode Pro V5.app/Contents/Resources/sdk/vexv5/libv5rt.a(vex_motorgroup.cpp.obj)
                0x00000000038078e8                vex::motor_group::motor_group()
                0x00000000038078e8                vex::motor_group::motor_group()
 .text._ZN3vex11motor_groupD2Ev
                0x0000000003807904        0x4 /Applications/VEXcode Pro V5.app/Contents/Resources/sdk/vexv5/libv5rt.a(vex_motorgroup.cpp.obj)
                0x0000000003807904                vex::motor_group::~motor_group()
                0x0000000003807904                vex::motor_group::~motor_group()
 .text._ZN3vex11motor_group9_addMotorERNS_5motorE
                0x0000000003807908       0x20 /Applications/VEXcode Pro V5.app/Contents/Resources/sdk/vexv5/libv5rt.a(vex_motorgroup.cpp.obj)
                0x0000000003807908                vex::motor_group::_addMotor(vex::motor&)
 .text._ZN3vex11motor_group11setVelocityEdNS_13velocityUnitsE
                0x0000000003807928       0x4c /Applications/VEXcode Pro V5.app/Contents/Resources/sdk/vexv5/libv5rt.a(vex_motorgroup.cpp.obj)
                0x0000000003807928                vex::motor_group::setVelocity(double, vex::velocityUnits)
 .text._ZN3vex11motor_group11setStoppingENS_9brakeTypeE
                0x0000000003807974       0x38 /Applications/VEXcode Pro V5.app/Contents/Resources/sdk/vexv5/libv5rt.a(vex_motorgroup.cpp.obj)
                0x0000000003807974                vex::motor_group::setStopping(vex::brakeType)
 .text._ZN3vex11motor_group13resetRotationEv
                0x00000000038079ac       0x30 /Applications/VEXcode Pro V5.app/Contents/Resources/sdk/vexv5/libv5rt.a(vex_motorgroup.cpp.obj)
                0x00000000038079ac                vex::motor_group::resetRotation()
 .text._ZN3vex11motor_group4spinENS_13directionTypeEdNS_13velocityUnitsE
                0x00000000038079dc       0x54 /Applications/VEXcode Pro V5.app/Contents/Resources/sdk/vexv5/libv5rt.a(vex_motorgroup.cpp.obj)
                0x00000000038079dc                vex::motor_group::spin(vex::directionType, double, vex::velocityUnits)
 .text._ZN3vex11motor_group10isSpinningEv
                0x0000000003807a30       0x40 /Applications/VEXcode Pro V5.app/Contents/Resources/sdk/vexv5/libv5rt.a(vex_motorgroup.cpp.obj)
                0x0000000003807a30                vex::motor_group::isSpinning()
 .text._ZN3vex11motor_group6isDoneEv
                0x0000000003807a70       0x14 /Applications/VEXcode Pro V5.app/Contents/Resources/sdk/vexv5/libv5rt.a(vex_motorgroup.cpp.obj)
                0x0000000003807a70                vex::motor_group::isDone()
 .text._ZN3vex11motor_group4stopEv
                0x0000000003807a84       0x30 /Applications/VEXcode Pro V5.app/Contents/Resources/sdk/vexv5/libv5rt.a(vex_motorgroup.cpp.obj)
                0x0000000003807a84                vex::motor_group::stop()
 .text._ZN3vex11motor_group8rotationENS_13rotationUnitsE
                0x0000000003807ab4        0xc /Applications/VEXcode Pro V5.app/Contents/Resources/sdk/vexv5/libv5rt.a(vex_motorgroup.cpp.obj)
                0x0000000003807ab4                vex::motor_group::rotation(vex::rotationUnits)
 .text._ZN3vex11motor_group20waitForCompletionAllEv
                0x0000000003807ac0       0x60 /Applications/VEXcode Pro V5.app/Contents/Resources/sdk/vexv5/libv5rt.a(vex_motorgroup.cpp.obj)
                0x0000000003807ac0                vex::motor_group::waitForCompletionAll()
 .text._ZN3vex11motor_group9rotateForENS_13directionTypeEdNS_13rotationUnitsEdNS_13velocityUnitsEb
                0x0000000003807b20       0xa8 /Applications/VEXcode Pro V5.app/Contents/Resources/sdk/vexv5/libv5rt.a(vex_motorgroup.cpp.obj)
                0x0000000003807b20                vex::motor_group::rotateFor(vex::directionType, double, vex::rotationUnits, double, vex::velocityUnits, bool)
 .text._ZN3vex10drivetrainD2Ev
                0x0000000003807bc8       0x28 /Applications/VEXcode Pro V5.app/Contents/Resources/sdk/vexv5/libv5rt.a(vex_drivetrain.cpp.obj)
                0x0000000003807bc8                vex::drivetrain::~drivetrain()
                0x0000000003807bc8                vex::drivetrain::~drivetrain()
 .text._ZN3vex10drivetrainD0Ev
                0x0000000003807bf0       0x1c /Applications/VEXcode Pro V5.app/Contents/Resources/sdk/vexv5/libv5rt.a(vex_drivetrain.cpp.obj)
                0x0000000003807bf0                vex::drivetrain::~drivetrain()
 .text._ZN3vex10drivetrain8isMovingEv
                0x0000000003807c0c       0x24 /Applications/VEXcode Pro V5.app/Contents/Resources/sdk/vexv5/libv5rt.a(vex_drivetrain.cpp.obj)
                0x0000000003807c0c                vex::drivetrain::isMoving()
 .text._ZN3vex10drivetrain16setDriveVelocityEdNS_13velocityUnitsE
                0x0000000003807c30       0x54 /Applications/VEXcode Pro V5.app/Contents/Resources/sdk/vexv5/libv5rt.a(vex_drivetrain.cpp.obj)
                0x0000000003807c30                vex::drivetrain::setDriveVelocity(double, vex::velocityUnits)
 *fill*         0x0000000003807c84        0x4 
 .text._ZN3vex10drivetrain12setGearRatioEd
                0x0000000003807c88       0x54 /Applications/VEXcode Pro V5.app/Contents/Resources/sdk/vexv5/libv5rt.a(vex_drivetrain.cpp.obj)
                0x0000000003807c88                vex::drivetrain::setGearRatio(double)
 .text._ZN3vex10drivetrain11setStoppingENS_9brakeTypeE
                0x0000000003807cdc       0x24 /Applications/VEXcode Pro V5.app/Contents/Resources/sdk/vexv5/libv5rt.a(vex_drivetrain.cpp.obj)
                0x0000000003807cdc                vex::drivetrain::setStopping(vex::brakeType)
 .text._ZN3vex10drivetrain4turnENS_8turnTypeE
                0x0000000003807d00       0x50 /Applications/VEXcode Pro V5.app/Contents/Resources/sdk/vexv5/libv5rt.a(vex_drivetrain.cpp.obj)
                0x0000000003807d00                vex::drivetrain::turn(vex::turnType)
 .text._ZN3vex10drivetrain15setTurnVelocityEdNS_13velocityUnitsE
                0x0000000003807d50       0x28 /Applications/VEXcode Pro V5.app/Contents/Resources/sdk/vexv5/libv5rt.a(vex_drivetrain.cpp.obj)
                0x0000000003807d50                vex::drivetrain::setTurnVelocity(double, vex::velocityUnits)
 .text._ZN3vex10drivetrain6isDoneEv
                0x0000000003807d78       0x14 /Applications/VEXcode Pro V5.app/Contents/Resources/sdk/vexv5/libv5rt.a(vex_drivetrain.cpp.obj)
                0x0000000003807d78                vex::drivetrain::isDone()
 .text._ZN3vex10drivetrain4stopEv
                0x0000000003807d8c       0x24 /Applications/VEXcode Pro V5.app/Contents/Resources/sdk/vexv5/libv5rt.a(vex_drivetrain.cpp.obj)
                0x0000000003807d8c                vex::drivetrain::stop()
 .text._ZN3vex10drivetrain21_waitForCompletionAllEv
                0x0000000003807db0       0x60 /Applications/VEXcode Pro V5.app/Contents/Resources/sdk/vexv5/libv5rt.a(vex_drivetrain.cpp.obj)
                0x0000000003807db0                vex::drivetrain::_waitForCompletionAll()
 .text._ZN3vex10drivetrain12distanceToMmEdNS_13distanceUnitsE
                0x0000000003807e10       0x38 /Applications/VEXcode Pro V5.app/Contents/Resources/sdk/vexv5/libv5rt.a(vex_drivetrain.cpp.obj)
                0x0000000003807e10                vex::drivetrain::distanceToMm(double, vex::distanceUnits)
 .text._ZN3vex10drivetrainC2ERNS_11motor_groupES2_dddNS_13distanceUnitsEd
                0x0000000003807e48       0xe8 /Applications/VEXcode Pro V5.app/Contents/Resources/sdk/vexv5/libv5rt.a(vex_drivetrain.cpp.obj)
                0x0000000003807e48                vex::drivetrain::drivetrain(vex::motor_group&, vex::motor_group&, double, double, double, vex::distanceUnits, double)
                0x0000000003807e48                vex::drivetrain::drivetrain(vex::motor_group&, vex::motor_group&, double, double, double, vex::distanceUnits, double)
 .text._ZN3vex10drivetrain12_angleToRevsEdNS_13rotationUnitsE
                0x0000000003807f30       0x98 /Applications/VEXcode Pro V5.app/Contents/Resources/sdk/vexv5/libv5rt.a(vex_drivetrain.cpp.obj)
                0x0000000003807f30                vex::drivetrain::_angleToRevs(double, vex::rotationUnits)
 .text._ZN3vex10drivetrain7turnForENS_8turnTypeEdNS_13rotationUnitsEb
                0x0000000003807fc8       0xbc /Applications/VEXcode Pro V5.app/Contents/Resources/sdk/vexv5/libv5rt.a(vex_drivetrain.cpp.obj)
                0x0000000003807fc8                vex::drivetrain::turnFor(vex::turnType, double, vex::rotationUnits, bool)
 .text._ZN3vex10drivetrain7turnForEdNS_13rotationUnitsEb
                0x0000000003808084       0x10 /Applications/VEXcode Pro V5.app/Contents/Resources/sdk/vexv5/libv5rt.a(vex_drivetrain.cpp.obj)
                0x0000000003808084                vex::drivetrain::turnFor(double, vex::rotationUnits, bool)
 .text._ZN3vex10drivetrain7turnForENS_8turnTypeEdNS_13rotationUnitsEdNS_13velocityUnitsEb
                0x0000000003808094       0xd0 /Applications/VEXcode Pro V5.app/Contents/Resources/sdk/vexv5/libv5rt.a(vex_drivetrain.cpp.obj)
                0x0000000003808094                vex::drivetrain::turnFor(vex::turnType, double, vex::rotationUnits, double, vex::velocityUnits, bool)
 .text._ZN3vex10drivetrain7turnForEdNS_13rotationUnitsEdNS_13velocityUnitsEb
                0x0000000003808164       0x18 /Applications/VEXcode Pro V5.app/Contents/Resources/sdk/vexv5/libv5rt.a(vex_drivetrain.cpp.obj)
                0x0000000003808164                vex::drivetrain::turnFor(double, vex::rotationUnits, double, vex::velocityUnits, bool)
 .text.vexAdiPortConfigSet
                0x000000000380817c       0x28 /Applications/VEXcode Pro V5.app/Contents/Resources/sdk/vexv5/libv5rt.a(v5_apiuser.c.obj)
                0x000000000380817c                vexAdiPortConfigSet
 .text.vexAdiPortConfigGet
                0x00000000038081a4       0x28 /Applications/VEXcode Pro V5.app/Contents/Resources/sdk/vexv5/libv5rt.a(v5_apiuser.c.obj)
                0x00000000038081a4                vexAdiPortConfigGet
 .text.vexMotorVelocitySet
                0x00000000038081cc       0x20 /Applications/VEXcode Pro V5.app/Contents/Resources/sdk/vexv5/libv5rt.a(v5_apiuser.c.obj)
                0x00000000038081cc                vexMotorVelocitySet
 .text.vexMotorActualVelocityGet
                0x00000000038081ec       0x24 /Applications/VEXcode Pro V5.app/Contents/Resources/sdk/vexv5/libv5rt.a(v5_apiuser.c.obj)
                0x00000000038081ec                vexMotorActualVelocityGet
 .text.vexMotorZeroPositionFlagGet
                0x0000000003808210       0x18 /Applications/VEXcode Pro V5.app/Contents/Resources/sdk/vexv5/libv5rt.a(v5_apiuser.c.obj)
                0x0000000003808210                vexMotorZeroPositionFlagGet
 .text.vexMotorReverseFlagSet
                0x0000000003808228       0x20 /Applications/VEXcode Pro V5.app/Contents/Resources/sdk/vexv5/libv5rt.a(v5_apiuser.c.obj)
                0x0000000003808228                vexMotorReverseFlagSet
 .text.vexMotorEncoderUnitsSet
                0x0000000003808248       0x20 /Applications/VEXcode Pro V5.app/Contents/Resources/sdk/vexv5/libv5rt.a(v5_apiuser.c.obj)
                0x0000000003808248                vexMotorEncoderUnitsSet
 .text.vexMotorBrakeModeSet
                0x0000000003808268       0x20 /Applications/VEXcode Pro V5.app/Contents/Resources/sdk/vexv5/libv5rt.a(v5_apiuser.c.obj)
                0x0000000003808268                vexMotorBrakeModeSet
 .text.vexMotorPositionSet
                0x0000000003808288       0x28 /Applications/VEXcode Pro V5.app/Contents/Resources/sdk/vexv5/libv5rt.a(v5_apiuser.c.obj)
                0x0000000003808288                vexMotorPositionSet
 .text.vexMotorPositionGet
                0x00000000038082b0       0x24 /Applications/VEXcode Pro V5.app/Contents/Resources/sdk/vexv5/libv5rt.a(v5_apiuser.c.obj)
                0x00000000038082b0                vexMotorPositionGet
 .text.vexMotorRelativeTargetSet
                0x00000000038082d4       0x30 /Applications/VEXcode Pro V5.app/Contents/Resources/sdk/vexv5/libv5rt.a(v5_apiuser.c.obj)
                0x00000000038082d4                vexMotorRelativeTargetSet
 .text.vexMotorGearingSet
                0x0000000003808304       0x20 /Applications/VEXcode Pro V5.app/Contents/Resources/sdk/vexv5/libv5rt.a(v5_apiuser.c.obj)
                0x0000000003808304                vexMotorGearingSet
 .text.vexMotorGearingGet
                0x0000000003808324       0x18 /Applications/VEXcode Pro V5.app/Contents/Resources/sdk/vexv5/libv5rt.a(v5_apiuser.c.obj)
                0x0000000003808324                vexMotorGearingGet
 .text.vexImuReset
                0x000000000380833c       0x10 /Applications/VEXcode Pro V5.app/Contents/Resources/sdk/vexv5/libv5rt.a(v5_apiuser.c.obj)
                0x000000000380833c                vexImuReset
 .text.vexImuHeadingGet
                0x000000000380834c       0x10 /Applications/VEXcode Pro V5.app/Contents/Resources/sdk/vexv5/libv5rt.a(v5_apiuser.c.obj)
                0x000000000380834c                vexImuHeadingGet
 .text.vexImuDegreesGet
                0x000000000380835c       0x10 /Applications/VEXcode Pro V5.app/Contents/Resources/sdk/vexv5/libv5rt.a(v5_apiuser.c.obj)
                0x000000000380835c                vexImuDegreesGet
 .text.vexImuStatusGet
                0x000000000380836c       0x10 /Applications/VEXcode Pro V5.app/Contents/Resources/sdk/vexv5/libv5rt.a(v5_apiuser.c.obj)
                0x000000000380836c                vexImuStatusGet
 .text.vexEventMaskSet
                0x000000000380837c       0x28 /Applications/VEXcode Pro V5.app/Contents/Resources/sdk/vexv5/libv5rt.a(v5_apiuser.c.obj)
                0x000000000380837c                vexEventMaskSet
 .text.vexEventMaskGet
                0x00000000038083a4       0x18 /Applications/VEXcode Pro V5.app/Contents/Resources/sdk/vexv5/libv5rt.a(v5_apiuser.c.obj)
                0x00000000038083a4                vexEventMaskGet
 .text._ZN3vex6deviceD2Ev
                0x00000000038083bc        0x4 /Applications/VEXcode Pro V5.app/Contents/Resources/sdk/vexv5/libv5rt.a(vex_device.cpp.obj)
                0x00000000038083bc                vex::device::~device()
                0x00000000038083bc                vex::device::~device()
 .text._ZN3vex6device5valueEv
                0x00000000038083c0        0x8 /Applications/VEXcode Pro V5.app/Contents/Resources/sdk/vexv5/libv5rt.a(vex_device.cpp.obj)
                0x00000000038083c0                vex::device::value()
 .text._ZN3vex6deviceD0Ev
                0x00000000038083c8       0x14 /Applications/VEXcode Pro V5.app/Contents/Resources/sdk/vexv5/libv5rt.a(vex_device.cpp.obj)
                0x00000000038083c8                vex::device::~device()
 .text._ZN3vex6device4initEl
                0x00000000038083dc       0x30 /Applications/VEXcode Pro V5.app/Contents/Resources/sdk/vexv5/libv5rt.a(vex_device.cpp.obj)
                0x00000000038083dc                vex::device::init(long)
 .text._ZN3vex6deviceC2El
                0x000000000380840c       0x20 /Applications/VEXcode Pro V5.app/Contents/Resources/sdk/vexv5/libv5rt.a(vex_device.cpp.obj)
                0x000000000380840c                vex::device::device(long)
                0x000000000380840c                vex::device::device(long)
 .text._ZN3vex6device4typeEv
                0x000000000380842c       0x10 /Applications/VEXcode Pro V5.app/Contents/Resources/sdk/vexv5/libv5rt.a(vex_device.cpp.obj)
                0x000000000380842c                vex::device::type()
 .text._ZN3vex6device9installedEv
                0x000000000380843c       0x14 /Applications/VEXcode Pro V5.app/Contents/Resources/sdk/vexv5/libv5rt.a(vex_device.cpp.obj)
                0x000000000380843c                vex::device::installed()
 .text.__aeabi_memcpy
                0x0000000003808450        0x4 /Applications/VEXcode Pro V5.app/Contents/Resources/sdk/vexv5/gcc/libs/libc.a(lib_a-aeabi_memcpy.o)
                0x0000000003808450                __aeabi_memcpy4
                0x0000000003808450                __aeabi_memcpy
                0x0000000003808450                __aeabi_memcpy8
 .text.__libc_fini_array
                0x0000000003808454       0x30 /Applications/VEXcode Pro V5.app/Contents/Resources/sdk/vexv5/gcc/libs/libc.a(lib_a-fini.o)
                0x0000000003808454                __libc_fini_array
 .text.__libc_init_array
                0x0000000003808484       0x58 /Applications/VEXcode Pro V5.app/Contents/Resources/sdk/vexv5/gcc/libs/libc.a(lib_a-init.o)
                0x0000000003808484                __libc_init_array
 .text.memcpy   0x00000000038084dc       0xa8 /Applications/VEXcode Pro V5.app/Contents/Resources/sdk/vexv5/gcc/libs/libc.a(lib_a-memcpy.o)
                0x00000000038084dc                memcpy
 *fill*         0x0000000003808584        0x4 
 .text.powf     0x0000000003808588      0x350 /Applications/VEXcode Pro V5.app/Contents/Resources/sdk/vexv5/gcc/libs/libm.a(lib_a-wf_pow.o)
                0x0000000003808588                powf
 .text.__ieee754_powf
                0x00000000038088d8      0x610 /Applications/VEXcode Pro V5.app/Contents/Resources/sdk/vexv5/gcc/libs/libm.a(lib_a-ef_pow.o)
                0x00000000038088d8                __ieee754_powf
 .text.fabsf    0x0000000003808ee8        0x8 /Applications/VEXcode Pro V5.app/Contents/Resources/sdk/vexv5/gcc/libs/libm.a(lib_a-sf_fabs.o)
                0x0000000003808ee8                fabsf
 .text.finitef  0x0000000003808ef0       0x10 /Applications/VEXcode Pro V5.app/Contents/Resources/sdk/vexv5/gcc/libs/libm.a(lib_a-sf_finite.o)
                0x0000000003808ef0                finitef
 .text.scalbnf  0x0000000003808f00      0x100 /Applications/VEXcode Pro V5.app/Contents/Resources/sdk/vexv5/gcc/libs/libm.a(lib_a-sf_scalbn.o)
                0x0000000003808f00                scalbnf
 .text.copysignf
                0x0000000003809000        0xc /Applications/VEXcode Pro V5.app/Contents/Resources/sdk/vexv5/gcc/libs/libm.a(lib_a-sf_copysign.o)
                0x0000000003809000                copysignf
 *fill*         0x000000000380900c        0x4 
 .text.copysignf.__stub
                0x0000000003809010       0x18 linker stubs
 *(.gnu.linkonce.t.*)
 *(.plt)
 *(.gnu_warning)
 *(.gcc_except_table)
 *(.glue_7)
 .glue_7        0x0000000003809028        0x0 linker stubs
 *(.glue_7t)
 .glue_7t       0x0000000003809028        0x0 linker stubs
 *(.vfp11_veneer)
 .vfp11_veneer  0x0000000003809028        0x0 linker stubs
 *(.ARM.extab)
 *(.gnu.linkonce.armextab.*)

.v4_bx          0x0000000003809028        0x0
 .v4_bx         0x0000000003809028        0x0 linker stubs

.iplt           0x0000000003809028        0x0
 .iplt          0x0000000003809028        0x0 build/src/GUI.o

.init
 *(.init)

.fini
 *(.fini)

.rodata         0x0000000003809028      0x404
                0x0000000003809028                __rodata_start = .
 *(.rodata)
 *(.rodata.*)
 .rodata.str1.1
                0x0000000003809028      0x1f8 build/src/GUI.o
                                        0x213 (size before relaxing)
 .rodata._ZTV7Chassis
                0x0000000003809220       0x18 build/src/robotConfig.o
                0x0000000003809220                vtable for Chassis
 .rodata._ZTV11TankChassis
                0x0000000003809238       0x18 build/src/clases/chassisClass.o
                0x0000000003809238                vtable for TankChassis
 .rodata.str1.1
                0x0000000003809250       0x2e /Applications/VEXcode Pro V5.app/Contents/Resources/sdk/vexv5/libv5rt.a(v5_startup.c.obj)
 *fill*         0x000000000380927e        0x2 
 .rodata._ZN3vex3fwdE
                0x0000000003809280        0x4 /Applications/VEXcode Pro V5.app/Contents/Resources/sdk/vexv5/libv5rt.a(vex_global.cpp.obj)
                0x0000000003809280                vex::fwd
 .rodata._ZN3vex5PORT1E
                0x0000000003809284        0x4 /Applications/VEXcode Pro V5.app/Contents/Resources/sdk/vexv5/libv5rt.a(vex_global.cpp.obj)
                0x0000000003809284                vex::PORT1
 .rodata._ZN3vex6PORT10E
                0x0000000003809288        0x4 /Applications/VEXcode Pro V5.app/Contents/Resources/sdk/vexv5/libv5rt.a(vex_global.cpp.obj)
                0x0000000003809288                vex::PORT10
 .rodata._ZN3vex5PORT5E
                0x000000000380928c        0x4 /Applications/VEXcode Pro V5.app/Contents/Resources/sdk/vexv5/libv5rt.a(vex_global.cpp.obj)
                0x000000000380928c                vex::PORT5
 .rodata._ZN3vex3pctE
                0x0000000003809290        0x4 /Applications/VEXcode Pro V5.app/Contents/Resources/sdk/vexv5/libv5rt.a(vex_global.cpp.obj)
                0x0000000003809290                vex::pct
 .rodata._ZN3vex4msecE
                0x0000000003809294        0x4 /Applications/VEXcode Pro V5.app/Contents/Resources/sdk/vexv5/libv5rt.a(vex_global.cpp.obj)
                0x0000000003809294                vex::msec
 .rodata._ZN3vex6PORT22E
                0x0000000003809298        0x4 /Applications/VEXcode Pro V5.app/Contents/Resources/sdk/vexv5/libv5rt.a(vex_global.cpp.obj)
                0x0000000003809298                vex::PORT22
 .rodata._ZN3vex5monoME
                0x000000000380929c        0x4 /Applications/VEXcode Pro V5.app/Contents/Resources/sdk/vexv5/libv5rt.a(vex_global.cpp.obj)
                0x000000000380929c                vex::monoM
 .rodata._ZN3vex9ratio18_1E
                0x00000000038092a0        0x4 /Applications/VEXcode Pro V5.app/Contents/Resources/sdk/vexv5/libv5rt.a(vex_global.cpp.obj)
                0x00000000038092a0                vex::ratio18_1
 *fill*         0x00000000038092a4        0x4 
 .rodata._ZTVN3vex5motorE
                0x00000000038092a8       0x18 /Applications/VEXcode Pro V5.app/Contents/Resources/sdk/vexv5/libv5rt.a(vex_motor.cpp.obj)
                0x00000000038092a8                vtable for vex::motor
 .rodata._ZTVN3vex8inertialE
                0x00000000038092c0       0x60 /Applications/VEXcode Pro V5.app/Contents/Resources/sdk/vexv5/libv5rt.a(vex_imu.cpp.obj)
                0x00000000038092c0                vtable for vex::inertial
 .rodata.CSWTCH.16
                0x0000000003809320        0xb /Applications/VEXcode Pro V5.app/Contents/Resources/sdk/vexv5/libv5rt.a(vex_controller.cpp.obj)
 .rodata.CSWTCH.18
                0x000000000380932b        0xb /Applications/VEXcode Pro V5.app/Contents/Resources/sdk/vexv5/libv5rt.a(vex_controller.cpp.obj)
 .rodata.CSWTCH.24
                0x0000000003809336        0x3 /Applications/VEXcode Pro V5.app/Contents/Resources/sdk/vexv5/libv5rt.a(vex_controller.cpp.obj)
 .rodata.str1.1
                0x0000000003809339       0x14 /Applications/VEXcode Pro V5.app/Contents/Resources/sdk/vexv5/libv5rt.a(vex_task.cpp.obj)
 .rodata.str1.1
                0x000000000380934d       0x14 /Applications/VEXcode Pro V5.app/Contents/Resources/sdk/vexv5/libv5rt.a(vex_thread.cpp.obj)
 .rodata.str1.1
                0x0000000003809361       0x2b /Applications/VEXcode Pro V5.app/Contents/Resources/sdk/vexv5/libv5rt.a(vex_brain.cpp.obj)
                                         0x2d (size before relaxing)
 .rodata.CSWTCH.36
                0x000000000380938c       0x10 /Applications/VEXcode Pro V5.app/Contents/Resources/sdk/vexv5/libv5rt.a(vex_triport.cpp.obj)
 *fill*         0x000000000380939c        0x4 
 .rodata._ZTVN3vex7triportE
                0x00000000038093a0       0x18 /Applications/VEXcode Pro V5.app/Contents/Resources/sdk/vexv5/libv5rt.a(vex_triport.cpp.obj)
                0x00000000038093a0                vtable for vex::triport
 .rodata.CSWTCH.31
                0x00000000038093b8        0xe /Applications/VEXcode Pro V5.app/Contents/Resources/sdk/vexv5/libv5rt.a(vex_triport.cpp.obj)
 *fill*         0x00000000038093c6        0x2 
 .rodata._ZTVN3vex10drivetrainE
                0x00000000038093c8       0x24 /Applications/VEXcode Pro V5.app/Contents/Resources/sdk/vexv5/libv5rt.a(vex_drivetrain.cpp.obj)
                0x00000000038093c8                vtable for vex::drivetrain
 *fill*         0x00000000038093ec        0x4 
 .rodata._ZTVN3vex6deviceE
                0x00000000038093f0       0x18 /Applications/VEXcode Pro V5.app/Contents/Resources/sdk/vexv5/libv5rt.a(vex_device.cpp.obj)
                0x00000000038093f0                vtable for vex::device
 .rodata.str1.4
                0x0000000003809408        0x2 /Applications/VEXcode Pro V5.app/Contents/Resources/sdk/vexv5/gcc/libs/libc.a(lib_a-impure.o)
 *fill*         0x000000000380940a        0x2 
 .rodata.str1.4
                0x000000000380940c        0x5 /Applications/VEXcode Pro V5.app/Contents/Resources/sdk/vexv5/gcc/libs/libm.a(lib_a-wf_pow.o)
 *fill*         0x0000000003809411        0x3 
 .rodata.dp_h   0x0000000003809414        0x8 /Applications/VEXcode Pro V5.app/Contents/Resources/sdk/vexv5/gcc/libs/libm.a(lib_a-ef_pow.o)
 .rodata.dp_l   0x000000000380941c        0x8 /Applications/VEXcode Pro V5.app/Contents/Resources/sdk/vexv5/gcc/libs/libm.a(lib_a-ef_pow.o)
 .rodata.bp     0x0000000003809424        0x8 /Applications/VEXcode Pro V5.app/Contents/Resources/sdk/vexv5/gcc/libs/libm.a(lib_a-ef_pow.o)
 .rodata.str1.4
                0x000000000380942c        0x8 /Applications/VEXcode Pro V5.app/Contents/Resources/sdk/vexv5/gcc/libs/libm.a(lib_a-ef_pow.o)
                                          0x1 (size before relaxing)
 *(.gnu.linkonce.r.*)
                0x0000000003809434                __rodata_end = .

.rodata1        0x000000000380942c        0x0
                0x000000000380942c                __rodata1_start = .
 *(.rodata1)
 *(.rodata1.*)
                0x000000000380942c                __rodata1_end = .

.sdata2         0x000000000380942c        0x0
                0x000000000380942c                __sdata2_start = .
 *(.sdata2)
 *(.sdata2.*)
 *(.gnu.linkonce.s2.*)
                0x000000000380942c                __sdata2_end = .

.sbss2          0x000000000380942c        0x0
                0x000000000380942c                __sbss2_start = .
 *(.sbss2)
 *(.sbss2.*)
 *(.gnu.linkonce.sb2.*)
                0x000000000380942c                __sbss2_end = .

.data           0x0000000003809430      0x445
                0x0000000003809430                __data_start = .
 *(.data)
 *(.data.*)
 .data.currentScreen
                0x0000000003809430        0x4 build/src/GUI.o
                0x0000000003809430                currentScreen
 .data.autonIndexLabel
                0x0000000003809434        0x1 build/src/GUI.o
                0x0000000003809434                autonIndexLabel
 *fill*         0x0000000003809435        0x3 
 .data.appRunning
                0x0000000003809438        0x4 /Applications/VEXcode Pro V5.app/Contents/Resources/sdk/vexv5/libv5rt.a(v5_startup.c.obj)
                0x0000000003809438                appRunning
 .data.__yoff   0x000000000380943c        0x4 /Applications/VEXcode Pro V5.app/Contents/Resources/sdk/vexv5/libv5rt.a(v5_apijump.c.obj)
 .data._ZN3vex24__default_motor_velocityE
                0x0000000003809440        0x4 /Applications/VEXcode Pro V5.app/Contents/Resources/sdk/vexv5/libv5rt.a(vex_motor.cpp.obj)
                0x0000000003809440                vex::__default_motor_velocity
 *fill*         0x0000000003809444        0x4 
 .data.impure_data
                0x0000000003809448      0x428 /Applications/VEXcode Pro V5.app/Contents/Resources/sdk/vexv5/gcc/libs/libc.a(lib_a-impure.o)
 .data._impure_ptr
                0x0000000003809870        0x4 /Applications/VEXcode Pro V5.app/Contents/Resources/sdk/vexv5/gcc/libs/libc.a(lib_a-impure.o)
                0x0000000003809870                _impure_ptr
 .data.__fdlib_version
                0x0000000003809874        0x1 /Applications/VEXcode Pro V5.app/Contents/Resources/sdk/vexv5/gcc/libs/libm.a(lib_a-s_lib_ver.o)
                0x0000000003809874                __fdlib_version
 *(.gnu.linkonce.d.*)
 *(.jcr)
 *(.got)
 *(.got.plt)
                0x0000000003809875                __data_end = .

.igot.plt       0x0000000003809878        0x0
 .igot.plt      0x0000000003809878        0x0 build/src/GUI.o

.data1          0x0000000003809875        0x0
                0x0000000003809875                __data1_start = .
 *(.data1)
 *(.data1.*)
                0x0000000003809875                __data1_end = .

.got
 *(.got)

.ctors          0x0000000003809875        0x0
                0x0000000003809875                __CTOR_LIST__ = .
                0x0000000003809875                ___CTORS_LIST___ = .
 *crtbegin.o(.ctors)
 *(EXCLUDE_FILE(*crtend.o) .ctors)
 *(SORT_BY_NAME(.ctors.*))
 *(.ctors)
                0x0000000003809875                __CTOR_END__ = .
                0x0000000003809875                ___CTORS_END___ = .

.dtors          0x0000000003809875        0x0
                0x0000000003809875                __DTOR_LIST__ = .
                0x0000000003809875                ___DTORS_LIST___ = .
 *crtbegin.o(.dtors)
 *(EXCLUDE_FILE(*crtend.o) .dtors)
 *(SORT_BY_NAME(.dtors.*))
 *(.dtors)
                0x0000000003809875                __DTOR_END__ = .
                0x0000000003809875                ___DTORS_END___ = .

.fixup          0x0000000003809875        0x0
                0x0000000003809875                __fixup_start = .
 *(.fixup)
                0x0000000003809875                __fixup_end = .

.eh_frame
 *(.eh_frame)

.eh_framehdr    0x0000000003809875        0x0
                0x0000000003809875                __eh_framehdr_start = .
 *(.eh_framehdr)
                0x0000000003809875                __eh_framehdr_end = .

.gcc_except_table
 *(.gcc_except_table)

.mmu_tbl        0x000000000380c000        0x0
                0x000000000380c000                __mmu_tbl_start = .
 *(.mmu_tbl)
                0x000000000380c000                __mmu_tbl_end = .

.ARM.exidx      0x0000000003809878        0x8
                0x0000000003809878                __exidx_start = .
 *(.ARM.exidx*)
 .ARM.exidx.text._ZN5AutonD2Ev
                0x0000000003809878        0x8 build/src/GUI.o
 .ARM.exidx.text._Z21resetBrainPenDefaultsv
                0x0000000003809880        0x0 build/src/GUI.o
                                          0x8 (size before relaxing)
 .ARM.exidx.text.__cxx_global_array_dtor
                0x0000000003809880        0x0 build/src/GUI.o
                                          0x8 (size before relaxing)
 .ARM.exidx.text.__cxx_global_array_dtor.20
                0x0000000003809880        0x0 build/src/GUI.o
                                          0x8 (size before relaxing)
 .ARM.exidx.text._ZN6ButtonC2EddddSsSsSsPFvvE
                0x0000000003809880        0x0 build/src/GUI.o
                                          0x8 (size before relaxing)
 .ARM.exidx.text._Z6setRedv
                0x0000000003809880        0x0 build/src/GUI.o
                                          0x8 (size before relaxing)
 .ARM.exidx.text._Z7setBluev
                0x0000000003809880        0x0 build/src/GUI.o
                                          0x8 (size before relaxing)
 .ARM.exidx.text._Z16nextScreenAutonsv
                0x0000000003809880        0x0 build/src/GUI.o
                                          0x8 (size before relaxing)
 .ARM.exidx.text.__cxx_global_array_dtor.29
                0x0000000003809880        0x0 build/src/GUI.o
                                          0x8 (size before relaxing)
 .ARM.exidx.text._Z14setRedAutonOnev
                0x0000000003809880        0x0 build/src/GUI.o
                                          0x8 (size before relaxing)
 .ARM.exidx.text._Z14setRedAutonTwov
                0x0000000003809880        0x0 build/src/GUI.o
                                          0x8 (size before relaxing)
 .ARM.exidx.text._Z16setRedAutonThreev
                0x0000000003809880        0x0 build/src/GUI.o
                                          0x8 (size before relaxing)
 .ARM.exidx.text._Z10nextScreenv
                0x0000000003809880        0x0 build/src/GUI.o
                                          0x8 (size before relaxing)
 .ARM.exidx.text.__cxx_global_array_dtor.40
                0x0000000003809880        0x0 build/src/GUI.o
                                          0x8 (size before relaxing)
 .ARM.exidx.text._Z15setBlueAutonOnev
                0x0000000003809880        0x0 build/src/GUI.o
                                          0x8 (size before relaxing)
 .ARM.exidx.text._Z15setBlueAutonTwov
                0x0000000003809880        0x0 build/src/GUI.o
                                          0x8 (size before relaxing)
 .ARM.exidx.text._Z17setBlueAutonThreev
                0x0000000003809880        0x0 build/src/GUI.o
                                          0x8 (size before relaxing)
 .ARM.exidx.text.__cxx_global_array_dtor.43
                0x0000000003809880        0x0 build/src/GUI.o
                                          0x8 (size before relaxing)
 .ARM.exidx.text._Z19nextScreenCalibratev
                0x0000000003809880        0x0 build/src/GUI.o
                                          0x8 (size before relaxing)
 .ARM.exidx.text.__cxx_global_array_dtor.47
                0x0000000003809880        0x0 build/src/GUI.o
                                          0x8 (size before relaxing)
 .ARM.exidx.text._Z9readyCompv
                0x0000000003809880        0x0 build/src/GUI.o
                                          0x8 (size before relaxing)
 .ARM.exidx.text.__cxx_global_array_dtor.52
                0x0000000003809880        0x0 build/src/GUI.o
                                          0x8 (size before relaxing)
 .ARM.exidx.text._Z13screenPressedv
                0x0000000003809880        0x0 build/src/GUI.o
                                          0x8 (size before relaxing)